Archive member included to satisfy reference by file (symbol)

/Users/toddnielsen/.pico-sdk/toolchain/13_2_Rel1/bin/../lib/gcc/arm-none-eabi/13.2.1/thumb/v6-m/nofp/libgcc.a(_dvmd_tls.o)
                              CMakeFiles/testing.dir/Users/toddnielsen/.pico-sdk/sdk/2.0.0/src/rp2_common/pico_divider/divider_hardware.S.obj (__aeabi_idiv0)
/Users/toddnielsen/.pico-sdk/toolchain/13_2_Rel1/bin/../lib/gcc/arm-none-eabi/13.2.1/../../../../arm-none-eabi/lib/thumb/v6-m/nofp/libg.a(libc_a-calloc.o)
                              CMakeFiles/testing.dir/Users/toddnielsen/.pico-sdk/sdk/2.0.0/src/rp2_common/pico_malloc/malloc.c.obj (calloc)
/Users/toddnielsen/.pico-sdk/toolchain/13_2_Rel1/bin/../lib/gcc/arm-none-eabi/13.2.1/../../../../arm-none-eabi/lib/thumb/v6-m/nofp/libg.a(libc_a-callocr.o)
                              /Users/toddnielsen/.pico-sdk/toolchain/13_2_Rel1/bin/../lib/gcc/arm-none-eabi/13.2.1/../../../../arm-none-eabi/lib/thumb/v6-m/nofp/libg.a(libc_a-calloc.o) (_calloc_r)
/Users/toddnielsen/.pico-sdk/toolchain/13_2_Rel1/bin/../lib/gcc/arm-none-eabi/13.2.1/../../../../arm-none-eabi/lib/thumb/v6-m/nofp/libg.a(libc_a-malloc.o)
                              CMakeFiles/testing.dir/Users/toddnielsen/.pico-sdk/sdk/2.0.0/src/rp2_common/pico_malloc/malloc.c.obj (malloc)
/Users/toddnielsen/.pico-sdk/toolchain/13_2_Rel1/bin/../lib/gcc/arm-none-eabi/13.2.1/../../../../arm-none-eabi/lib/thumb/v6-m/nofp/libg.a(libc_a-mallocr.o)
                              /Users/toddnielsen/.pico-sdk/toolchain/13_2_Rel1/bin/../lib/gcc/arm-none-eabi/13.2.1/../../../../arm-none-eabi/lib/thumb/v6-m/nofp/libg.a(libc_a-callocr.o) (_malloc_r)
/Users/toddnielsen/.pico-sdk/toolchain/13_2_Rel1/bin/../lib/gcc/arm-none-eabi/13.2.1/../../../../arm-none-eabi/lib/thumb/v6-m/nofp/libg.a(libc_a-mlock.o)
                              /Users/toddnielsen/.pico-sdk/toolchain/13_2_Rel1/bin/../lib/gcc/arm-none-eabi/13.2.1/../../../../arm-none-eabi/lib/thumb/v6-m/nofp/libg.a(libc_a-mallocr.o) (__malloc_lock)
/Users/toddnielsen/.pico-sdk/toolchain/13_2_Rel1/bin/../lib/gcc/arm-none-eabi/13.2.1/../../../../arm-none-eabi/lib/thumb/v6-m/nofp/libg.a(libc_a-realloc.o)
                              CMakeFiles/testing.dir/Users/toddnielsen/.pico-sdk/sdk/2.0.0/src/rp2_common/pico_malloc/malloc.c.obj (realloc)
/Users/toddnielsen/.pico-sdk/toolchain/13_2_Rel1/bin/../lib/gcc/arm-none-eabi/13.2.1/../../../../arm-none-eabi/lib/thumb/v6-m/nofp/libg.a(libc_a-reallocr.o)
                              /Users/toddnielsen/.pico-sdk/toolchain/13_2_Rel1/bin/../lib/gcc/arm-none-eabi/13.2.1/../../../../arm-none-eabi/lib/thumb/v6-m/nofp/libg.a(libc_a-realloc.o) (_realloc_r)
/Users/toddnielsen/.pico-sdk/toolchain/13_2_Rel1/bin/../lib/gcc/arm-none-eabi/13.2.1/../../../../arm-none-eabi/lib/thumb/v6-m/nofp/libg.a(libc_a-memcmp.o)
                              CMakeFiles/testing.dir/Users/toddnielsen/.pico-sdk/sdk/2.0.0/src/rp2_common/pico_atomic/atomic.c.obj (memcmp)
/Users/toddnielsen/.pico-sdk/toolchain/13_2_Rel1/bin/../lib/gcc/arm-none-eabi/13.2.1/../../../../arm-none-eabi/lib/thumb/v6-m/nofp/libg.a(libc_a-memmove.o)
                              /Users/toddnielsen/.pico-sdk/toolchain/13_2_Rel1/bin/../lib/gcc/arm-none-eabi/13.2.1/../../../../arm-none-eabi/lib/thumb/v6-m/nofp/libg.a(libc_a-reallocr.o) (memmove)
/Users/toddnielsen/.pico-sdk/toolchain/13_2_Rel1/bin/../lib/gcc/arm-none-eabi/13.2.1/../../../../arm-none-eabi/lib/thumb/v6-m/nofp/libg.a(libc_a-lcltime_r.o)
                              CMakeFiles/testing.dir/Users/toddnielsen/.pico-sdk/sdk/2.0.0/src/common/pico_util/datetime.c.obj (localtime_r)
/Users/toddnielsen/.pico-sdk/toolchain/13_2_Rel1/bin/../lib/gcc/arm-none-eabi/13.2.1/../../../../arm-none-eabi/lib/thumb/v6-m/nofp/libg.a(libc_a-mktime.o)
                              CMakeFiles/testing.dir/Users/toddnielsen/.pico-sdk/sdk/2.0.0/src/common/pico_util/datetime.c.obj (mktime)
/Users/toddnielsen/.pico-sdk/toolchain/13_2_Rel1/bin/../lib/gcc/arm-none-eabi/13.2.1/../../../../arm-none-eabi/lib/thumb/v6-m/nofp/libg.a(libc_a-month_lengths.o)
                              /Users/toddnielsen/.pico-sdk/toolchain/13_2_Rel1/bin/../lib/gcc/arm-none-eabi/13.2.1/../../../../arm-none-eabi/lib/thumb/v6-m/nofp/libg.a(libc_a-lcltime_r.o) (__month_lengths)
/Users/toddnielsen/.pico-sdk/toolchain/13_2_Rel1/bin/../lib/gcc/arm-none-eabi/13.2.1/../../../../arm-none-eabi/lib/thumb/v6-m/nofp/libg.a(libc_a-tzcalc_limits.o)
                              /Users/toddnielsen/.pico-sdk/toolchain/13_2_Rel1/bin/../lib/gcc/arm-none-eabi/13.2.1/../../../../arm-none-eabi/lib/thumb/v6-m/nofp/libg.a(libc_a-lcltime_r.o) (__tzcalc_limits)
/Users/toddnielsen/.pico-sdk/toolchain/13_2_Rel1/bin/../lib/gcc/arm-none-eabi/13.2.1/../../../../arm-none-eabi/lib/thumb/v6-m/nofp/libg.a(libc_a-tzlock.o)
                              /Users/toddnielsen/.pico-sdk/toolchain/13_2_Rel1/bin/../lib/gcc/arm-none-eabi/13.2.1/../../../../arm-none-eabi/lib/thumb/v6-m/nofp/libg.a(libc_a-lcltime_r.o) (__tz_lock)
[...]
Memory Configuration

Name             Origin             Length             Attributes
FLASH            0x10000000         0x00200000         xr
RAM              0x20000000         0x00040000         xrw
SCRATCH_X        0x20040000         0x00001000         xrw
SCRATCH_Y        0x20041000         0x00001000         xrw
*default*        0x00000000         0xffffffff

Linker script and memory map

LOAD /Users/toddnielsen/.pico-sdk/toolchain/13_2_Rel1/bin/../lib/gcc/arm-none-eabi/13.2.1/thumb/v6-m/nofp/crti.o
LOAD /Users/toddnielsen/.pico-sdk/toolchain/13_2_Rel1/bin/../lib/gcc/arm-none-eabi/13.2.1/thumb/v6-m/nofp/crtbegin.o
LOAD /Users/toddnielsen/.pico-sdk/toolchain/13_2_Rel1/bin/../lib/gcc/arm-none-eabi/13.2.1/../../../../arm-none-eabi/lib/thumb/v6-m/nofp/crt0.o

.flash_begin    0x10000000        0x0
                0x10000000                        __flash_binary_start = .

.boot2          0x10000000      0x100
                0x10000000                        __boot2_start__ = .
 *(.boot2)
 .boot2         0x10000000      0x100 /var/folders/82/x1415qy57h78r72yscd8s_400000gn/T//ccudbzxV.o
                0x10000100                        __boot2_end__ = .
                0x00000001                        ASSERT (((__boot2_end__ - __boot2_start__) == 0x100), ERROR: Pico second stage bootloader must be 256 bytes in size)

.text           0x10000100     0x2d18
                0x10000100                        __logical_binary_start = .
 *(.vectors)
 .vectors       0x10000100       0xd4 CMakeFiles/testing.dir/Users/toddnielsen/.pico-sdk/sdk/2.0.0/src/rp2_common/pico_crt0/crt0.S.obj
                0x10000100                __VECTOR_TABLE
                0x10000100                __vectors
                0x100001c0                __default_isrs_start
                0x100001c0                isr_invalid
                0x100001c2                isr_nmi
                0x100001c4                isr_hardfault
                0x100001c6                isr_svcall
                0x100001c8                isr_pendsv
                0x100001ca                isr_systick
                0x100001cc                isr_irq28
                0x100001cc                isr_irq19
                0x100001cc                isr_irq0
                0x100001cc                isr_irq6
                0x100001cc                isr_irq22
                0x100001cc                isr_irq17
                0x100001cc                isr_irq14
                0x100001cc                isr_irq2
                0x100001cc                isr_irq10
                0x100001cc                isr_irq8
                0x100001cc                isr_irq24
                0x100001cc                isr_irq1
                0x100001cc                isr_irq7
                0x100001cc                isr_irq21
                0x100001cc                isr_irq20
                0x100001cc                isr_irq15
                0x100001cc                isr_irq25
                0x100001cc                isr_irq4
                0x100001cc                isr_irq16
                0x100001cc                isr_irq29
                0x100001cc                isr_irq26
                0x100001cc                __default_isrs_end
                0x100001cc                isr_irq3
                0x100001cc                isr_irq9
                0x100001cc                __unhandled_user_irq
                0x100001cc                isr_irq13
                0x100001cc                isr_irq27
                0x100001cc                isr_irq31
                0x100001cc                isr_irq5
                0x100001cc                isr_irq11
                0x100001cc                isr_irq23
                0x100001cc                isr_irq18
                0x100001cc                isr_irq30
                0x100001cc                isr_irq12
                0x100001d2                unhandled_user_irq_num_in_r0
 *(.binary_info_header)
 .binary_info_header
                0x100001d4       0x14 CMakeFiles/testing.dir/Users/toddnielsen/.pico-sdk/sdk/2.0.0/src/rp2_common/pico_crt0/crt0.S.obj
                0x100001e8                        __binary_info_header_end = .
 *(.embedded_block)
                0x100001e8                        __embedded_block_end = .
 *(.reset)
 .reset         0x100001e8       0x9c CMakeFiles/testing.dir/Users/toddnielsen/.pico-sdk/sdk/2.0.0/src/rp2_common/pico_crt0/crt0.S.obj
                0x100001e8                _entry_point
 *(.init)
 .init          0x10000284        0x4 /Users/toddnielsen/.pico-sdk/toolchain/13_2_Rel1/bin/../lib/gcc/arm-none-eabi/13.2.1/thumb/v6-m/nofp/crti.o
                0x10000284                _init
 *(EXCLUDE_FILE(*libm.a: *libc.a:*lib_a-mem*.o *libgcc.a:) .text*)
 .text.register_tm_clones
                0x10000288       0x28 /Users/toddnielsen/.pico-sdk/toolchain/13_2_Rel1/bin/../lib/gcc/arm-none-eabi/13.2.1/thumb/v6-m/nofp/crtbegin.o
 .text.frame_dummy
                0x100002b0       0x24 /Users/toddnielsen/.pico-sdk/toolchain/13_2_Rel1/bin/../lib/gcc/arm-none-eabi/13.2.1/thumb/v6-m/nofp/crtbegin.o
 .text.testWorks
                0x100002d4       0x10 CMakeFiles/testing.dir/test.c.obj
                0x100002d4                testWorks
 .text.main     0x100002e4       0x18 CMakeFiles/testing.dir/test.c.obj
                0x100002e4                main
 .text.panic    0x100002fc       0x30 CMakeFiles/testing.dir/Users/toddnielsen/.pico-sdk/sdk/2.0.0/src/rp2_common/pico_platform_panic/panic.c.obj
                0x100002fc                panic
 .text.hw_claim_lock
                0x1000032c       0x18 CMakeFiles/testing.dir/Users/toddnielsen/.pico-sdk/sdk/2.0.0/src/common/hardware_claim/claim.c.obj
                0x1000032c                hw_claim_lock
 .text.hw_claim_unlock
                0x10000344       0x14 CMakeFiles/testing.dir/Users/toddnielsen/.pico-sdk/sdk/2.0.0/src/common/hardware_claim/claim.c.obj
                0x10000344                hw_claim_unlock
 .text.hw_claim_or_assert
                0x10000358       0x32 CMakeFiles/testing.dir/Users/toddnielsen/.pico-sdk/sdk/2.0.0/src/common/hardware_claim/claim.c.obj
                0x10000358                hw_claim_or_assert
 *fill*         0x1000038a        0x2 
 .text.next_striped_spin_lock_num
                0x1000038c       0x1c CMakeFiles/testing.dir/Users/toddnielsen/.pico-sdk/sdk/2.0.0/src/rp2_common/hardware_sync/sync.c.obj
                0x1000038c                next_striped_spin_lock_num
 .text.spin_locks_reset
                0x100003a8       0x20 CMakeFiles/testing.dir/Users/toddnielsen/.pico-sdk/sdk/2.0.0/src/rp2_common/hardware_sync_spin_lock/sync_spin_lock.c.obj
                0x100003a8                spin_locks_reset
 .text.set_raw_irq_handler_and_unlock
                0x100003c8       0x28 CMakeFiles/testing.dir/Users/toddnielsen/.pico-sdk/sdk/2.0.0/src/rp2_common/hardware_irq/irq.c.obj
 .text.nvic_ipr0
                0x100003f0        0x8 CMakeFiles/testing.dir/Users/toddnielsen/.pico-sdk/sdk/2.0.0/src/rp2_common/hardware_irq/irq.c.obj
 .text.runtime_init_per_core_irq_priorities
                0x100003f8       0x1c CMakeFiles/testing.dir/Users/toddnielsen/.pico-sdk/sdk/2.0.0/src/rp2_common/hardware_irq/irq.c.obj
                0x100003f8                runtime_init_per_core_irq_priorities
 .text.irq_set_mask_n_enabled
                0x10000414       0x1c CMakeFiles/testing.dir/Users/toddnielsen/.pico-sdk/sdk/2.0.0/src/rp2_common/hardware_irq/irq.c.obj
                0x10000414                irq_set_mask_n_enabled
 .text.irq_set_enabled
                0x10000430       0x14 CMakeFiles/testing.dir/Users/toddnielsen/.pico-sdk/sdk/2.0.0/src/rp2_common/hardware_irq/irq.c.obj
                0x10000430                irq_set_enabled
 .text.irq_get_vtable_handler
                0x10000444       0x10 CMakeFiles/testing.dir/Users/toddnielsen/.pico-sdk/sdk/2.0.0/src/rp2_common/hardware_irq/irq.c.obj
                0x10000444                irq_get_vtable_handler
 .text.irq_set_exclusive_handler
                0x10000454       0x54 CMakeFiles/testing.dir/Users/toddnielsen/.pico-sdk/sdk/2.0.0/src/rp2_common/hardware_irq/irq.c.obj
                0x10000454                irq_set_exclusive_handler
 .text.lock_init
                0x100004a8       0x10 CMakeFiles/testing.dir/Users/toddnielsen/.pico-sdk/sdk/2.0.0/src/common/pico_sync/lock_core.c.obj
                0x100004a8                lock_init
 .text.mutex_init
                0x100004b8       0x1a CMakeFiles/testing.dir/Users/toddnielsen/.pico-sdk/sdk/2.0.0/src/common/pico_sync/mutex.c.obj
                0x100004b8                mutex_init
 .text.recursive_mutex_init
                0x100004d2       0x1e CMakeFiles/testing.dir/Users/toddnielsen/.pico-sdk/sdk/2.0.0/src/common/pico_sync/mutex.c.obj
                0x100004d2                recursive_mutex_init
 .text.runtime_init_mutex
                0x100004f0       0x4c CMakeFiles/testing.dir/Users/toddnielsen/.pico-sdk/sdk/2.0.0/src/common/pico_sync/mutex.c.obj
                0x100004f0                runtime_init_mutex
 .text.make_alarm_id
                0x1000053c        0x6 CMakeFiles/testing.dir/Users/toddnielsen/.pico-sdk/sdk/2.0.0/src/common/pico_time/time.c.obj
 *fill*         0x10000542        0x2 
 .text.sleep_until_callback
                0x10000544       0x30 CMakeFiles/testing.dir/Users/toddnielsen/.pico-sdk/sdk/2.0.0/src/common/pico_time/time.c.obj
 .text.alarm_pool_irq_handler
                0x10000574      0x2e0 CMakeFiles/testing.dir/Users/toddnielsen/.pico-sdk/sdk/2.0.0/src/common/pico_time/time.c.obj
 .text.ta_enable_irq_handler
                0x10000854       0x2c CMakeFiles/testing.dir/Users/toddnielsen/.pico-sdk/sdk/2.0.0/src/common/pico_time/time.c.obj
 .text.alarm_pool_post_alloc_init
                0x10000880       0x78 CMakeFiles/testing.dir/Users/toddnielsen/.pico-sdk/sdk/2.0.0/src/common/pico_time/time.c.obj
 .text.alarm_pool_get_default
                0x100008f8       0x2c CMakeFiles/testing.dir/Users/toddnielsen/.pico-sdk/sdk/2.0.0/src/common/pico_time/time.c.obj
                0x100008f8                alarm_pool_get_default
 .text.alarm_pool_add_alarm_at_force_in_context
                0x10000924       0xa4 CMakeFiles/testing.dir/Users/toddnielsen/.pico-sdk/sdk/2.0.0/src/common/pico_time/time.c.obj
                0x10000924                alarm_pool_add_alarm_at_force_in_context
 .text.alarm_pool_add_alarm_at
                0x100009c8       0x3c CMakeFiles/testing.dir/Users/toddnielsen/.pico-sdk/sdk/2.0.0/src/common/pico_time/time.c.obj
                0x100009c8                alarm_pool_add_alarm_at
 .text.add_alarm_at
                0x10000a04       0x2e CMakeFiles/testing.dir/Users/toddnielsen/.pico-sdk/sdk/2.0.0/src/common/pico_time/time.c.obj
 *fill*         0x10000a32        0x2 
 .text.alarm_pool_cancel_alarm
                0x10000a34       0x78 CMakeFiles/testing.dir/Users/toddnielsen/.pico-sdk/sdk/2.0.0/src/common/pico_time/time.c.obj
                0x10000a34                alarm_pool_cancel_alarm
 .text.cancel_alarm
                0x10000aac       0x10 CMakeFiles/testing.dir/Users/toddnielsen/.pico-sdk/sdk/2.0.0/src/common/pico_time/time.c.obj
 .text.best_effort_wfe_or_timeout
                0x10000abc       0xc4 CMakeFiles/testing.dir/Users/toddnielsen/.pico-sdk/sdk/2.0.0/src/common/pico_time/time.c.obj
                0x10000abc                best_effort_wfe_or_timeout
 .text.alarm_pool_get_default_timer
                0x10000b80        0x8 CMakeFiles/testing.dir/Users/toddnielsen/.pico-sdk/sdk/2.0.0/src/common/pico_time/time.c.obj
                0x10000b80                alarm_pool_get_default_timer
 .text.runtime_init_default_alarm_pool
                0x10000b88       0x38 CMakeFiles/testing.dir/Users/toddnielsen/.pico-sdk/sdk/2.0.0/src/common/pico_time/time.c.obj
                0x10000b88                runtime_init_default_alarm_pool
 .text.timer_hardware_alarm_claim
                0x10000bc0       0x14 CMakeFiles/testing.dir/Users/toddnielsen/.pico-sdk/sdk/2.0.0/src/rp2_common/hardware_timer/timer.c.obj
                0x10000bc0                timer_hardware_alarm_claim
 .text.timer_time_us_64
                0x10000bd4       0x10 CMakeFiles/testing.dir/Users/toddnielsen/.pico-sdk/sdk/2.0.0/src/rp2_common/hardware_timer/timer.c.obj
                0x10000bd4                timer_time_us_64
 .text.time_us_64
                0x10000be4       0x10 CMakeFiles/testing.dir/Users/toddnielsen/.pico-sdk/sdk/2.0.0/src/rp2_common/hardware_timer/timer.c.obj
                0x10000be4                time_us_64
 .text.clock_configure_internal
                0x10000bf4       0xc4 CMakeFiles/testing.dir/Users/toddnielsen/.pico-sdk/sdk/2.0.0/src/rp2_common/hardware_clocks/clocks.c.obj
 .text.clock_configure_int_divider
                0x10000cb8       0x28 CMakeFiles/testing.dir/Users/toddnielsen/.pico-sdk/sdk/2.0.0/src/rp2_common/hardware_clocks/clocks.c.obj
                0x10000cb8                clock_configure_int_divider
 .text.clock_configure_undivided
                0x10000ce0       0x12 CMakeFiles/testing.dir/Users/toddnielsen/.pico-sdk/sdk/2.0.0/src/rp2_common/hardware_clocks/clocks.c.obj
                0x10000ce0                clock_configure_undivided
 *fill*         0x10000cf2        0x2 
 .text.clock_get_hz
                0x10000cf4        0xc CMakeFiles/testing.dir/Users/toddnielsen/.pico-sdk/sdk/2.0.0/src/rp2_common/hardware_clocks/clocks.c.obj
                0x10000cf4                clock_get_hz
 .text.pll_init
                0x10000d00      0x124 CMakeFiles/testing.dir/Users/toddnielsen/.pico-sdk/sdk/2.0.0/src/rp2_common/hardware_pll/pll.c.obj
                0x10000d00                pll_init
 .text.tick_start
                0x10000e24       0x10 CMakeFiles/testing.dir/Users/toddnielsen/.pico-sdk/sdk/2.0.0/src/rp2_common/hardware_ticks/ticks.c.obj
                0x10000e24                tick_start
 .text.xosc_init
                0x10000e34       0x28 CMakeFiles/testing.dir/Users/toddnielsen/.pico-sdk/sdk/2.0.0/src/rp2_common/hardware_xosc/xosc.c.obj
                0x10000e34                xosc_init
 .text.runtime_run_initializers_from
                0x10000e5c       0x18 CMakeFiles/testing.dir/Users/toddnielsen/.pico-sdk/sdk/2.0.0/src/rp2_common/pico_runtime/runtime.c.obj
 .text.first_per_core_initializer
                0x10000e74        0x2 CMakeFiles/testing.dir/Users/toddnielsen/.pico-sdk/sdk/2.0.0/src/rp2_common/pico_runtime/runtime.c.obj
 *fill*         0x10000e76        0x2 
 .text.runtime_run_initializers
                0x10000e78       0x10 CMakeFiles/testing.dir/Users/toddnielsen/.pico-sdk/sdk/2.0.0/src/rp2_common/pico_runtime/runtime.c.obj
                0x10000e78                runtime_run_initializers
 .text.runtime_init_early_resets
                0x10000e88       0x2c CMakeFiles/testing.dir/Users/toddnielsen/.pico-sdk/sdk/2.0.0/src/rp2_common/pico_runtime_init/runtime_init.c.obj
                0x10000e88                runtime_init_early_resets
 .text.runtime_init_usb_power_down
                0x10000eb4       0x1c CMakeFiles/testing.dir/Users/toddnielsen/.pico-sdk/sdk/2.0.0/src/rp2_common/pico_runtime_init/runtime_init.c.obj
                0x10000eb4                runtime_init_usb_power_down
 .text.runtime_init_post_clock_resets
                0x10000ed0       0x20 CMakeFiles/testing.dir/Users/toddnielsen/.pico-sdk/sdk/2.0.0/src/rp2_common/pico_runtime_init/runtime_init.c.obj
                0x10000ed0                runtime_init_post_clock_resets
 .text.runtime_init_rp2040_gpio_ie_disable
                0x10000ef0       0x14 CMakeFiles/testing.dir/Users/toddnielsen/.pico-sdk/sdk/2.0.0/src/rp2_common/pico_runtime_init/runtime_init.c.obj
                0x10000ef0                runtime_init_rp2040_gpio_ie_disable
 .text.runtime_init_spin_locks_reset
                0x10000f04        0x8 CMakeFiles/testing.dir/Users/toddnielsen/.pico-sdk/sdk/2.0.0/src/rp2_common/pico_runtime_init/runtime_init.c.obj
                0x10000f04                runtime_init_spin_locks_reset
 .text.runtime_init_install_ram_vector_table
                0x10000f0c       0x1c CMakeFiles/testing.dir/Users/toddnielsen/.pico-sdk/sdk/2.0.0/src/rp2_common/pico_runtime_init/runtime_init.c.obj
                0x10000f0c                runtime_init_install_ram_vector_table
 .text.start_all_ticks
                0x10000f28       0x28 CMakeFiles/testing.dir/Users/toddnielsen/.pico-sdk/sdk/2.0.0/src/rp2_common/pico_runtime_init/runtime_init_clocks.c.obj
 .text.runtime_init_clocks
                0x10000f50       0xcc CMakeFiles/testing.dir/Users/toddnielsen/.pico-sdk/sdk/2.0.0/src/rp2_common/pico_runtime_init/runtime_init_clocks.c.obj
                0x10000f50                runtime_init_clocks
 .text          0x1000101c       0x10 CMakeFiles/testing.dir/Users/toddnielsen/.pico-sdk/sdk/2.0.0/src/rp2_common/pico_bit_ops/bit_ops_aeabi.S.obj
 .text.rom_func_lookup
                0x1000102c       0x10 CMakeFiles/testing.dir/Users/toddnielsen/.pico-sdk/sdk/2.0.0/src/rp2_common/pico_bootrom/bootrom.c.obj
                0x1000102c                rom_func_lookup
 .text.rom_data_lookup
                0x1000103c       0x10 CMakeFiles/testing.dir/Users/toddnielsen/.pico-sdk/sdk/2.0.0/src/rp2_common/pico_bootrom/bootrom.c.obj
                0x1000103c                rom_data_lookup
 .text.rom_funcs_lookup
                0x1000104c       0x36 CMakeFiles/testing.dir/Users/toddnielsen/.pico-sdk/sdk/2.0.0/src/rp2_common/pico_bootrom/bootrom.c.obj
                0x1000104c                rom_funcs_lookup
 *fill*         0x10001082        0x2 
 .text.__wrap___aeabi_idiv
                0x10001084       0x50 CMakeFiles/testing.dir/Users/toddnielsen/.pico-sdk/sdk/2.0.0/src/rp2_common/pico_divider/divider_hardware.S.obj
                0x10001084                __wrap___aeabi_idivmod
                0x10001084                divmod_s32s32
                0x10001084                div_s32s32
                0x10001084                __wrap___aeabi_idiv
                0x1000108c                divmod_s32s32_unsafe
                0x100010b8                divmod_s32s32_savestate
 .text.__wrap___aeabi_uidiv
                0x100010d4       0x4c CMakeFiles/testing.dir/Users/toddnielsen/.pico-sdk/sdk/2.0.0/src/rp2_common/pico_divider/divider_hardware.S.obj
                0x100010d4                __wrap___aeabi_uidiv
                0x100010d4                __wrap___aeabi_uidivmod
                0x100010d4                div_u32u32
                0x100010d4                divmod_u32u32
                0x100010dc                divmod_u32u32_unsafe
                0x10001104                divmod_u32u32_savestate
 .text.__wrap___aeabi_ldiv
                0x10001120      0x424 CMakeFiles/testing.dir/Users/toddnielsen/.pico-sdk/sdk/2.0.0/src/rp2_common/pico_divider/divider_hardware.S.obj
                0x10001120                __wrap___aeabi_ldivmod
                0x10001120                div_s64s64
                0x10001120                divmod_s64s64
                0x10001150                divmod_u64u64
                0x10001150                div_u64u64
                0x10001150                __wrap___aeabi_uldivmod
                0x10001160                divmod_u64u64_savestate
                0x10001180                divmod_s64s64_unsafe
                0x10001208                divmod_u64u64_unsafe
 .text.__wrap___aeabi_darithmetic
                0x10001544       0x60 CMakeFiles/testing.dir/Users/toddnielsen/.pico-sdk/sdk/2.0.0/src/rp2_common/pico_double/double_aeabi_rp2040.S.obj
                0x10001544                __wrap___aeabi_drsub
                0x1000154a                __wrap___aeabi_dsub
                0x10001554                __wrap___aeabi_dadd
                0x1000155e                __wrap___aeabi_ddiv
                0x10001592                __wrap___aeabi_dmul
 .text.__wrap___aeabi_cdcmple
                0x100015a4       0x6c CMakeFiles/testing.dir/Users/toddnielsen/.pico-sdk/sdk/2.0.0/src/rp2_common/pico_double/double_aeabi_rp2040.S.obj
                0x100015a4                __wrap___aeabi_cdrcmple
                0x100015b4                __wrap___aeabi_cdcmple
                0x100015b4                __wrap___aeabi_cdcmpeq
 .text.__wrap___aeabi_dcmplt
                0x10001610        0xc CMakeFiles/testing.dir/Users/toddnielsen/.pico-sdk/sdk/2.0.0/src/rp2_common/pico_double/double_aeabi_rp2040.S.obj
                0x10001610                __wrap___aeabi_dcmplt
 .text.__wrap___aeabi_dcmple
                0x1000161c       0x10 CMakeFiles/testing.dir/Users/toddnielsen/.pico-sdk/sdk/2.0.0/src/rp2_common/pico_double/double_aeabi_rp2040.S.obj
                0x1000161c                __wrap___aeabi_dcmple
 .text.__wrap___aeabi_dcmpge
                0x1000162c       0x10 CMakeFiles/testing.dir/Users/toddnielsen/.pico-sdk/sdk/2.0.0/src/rp2_common/pico_double/double_aeabi_rp2040.S.obj
                0x1000162c                __wrap___aeabi_dcmpge
 .text.__wrap___aeabi_dcmpgt
                0x1000163c        0xa CMakeFiles/testing.dir/Users/toddnielsen/.pico-sdk/sdk/2.0.0/src/rp2_common/pico_double/double_aeabi_rp2040.S.obj
                0x1000163c                __wrap___aeabi_dcmpgt
 .text.__wrap___aeabi_dcmpun
                0x10001646       0x18 CMakeFiles/testing.dir/Users/toddnielsen/.pico-sdk/sdk/2.0.0/src/rp2_common/pico_double/double_aeabi_rp2040.S.obj
                0x10001646                __wrap___aeabi_dcmpun
 *fill*         0x1000165e        0x2 
 .text.__wrap___aeabi_i2d
                0x10001660       0x38 CMakeFiles/testing.dir/Users/toddnielsen/.pico-sdk/sdk/2.0.0/src/rp2_common/pico_double/double_aeabi_rp2040.S.obj
                0x10001660                __wrap___aeabi_ui2d
                0x10001668                __wrap___aeabi_i2d
 .text.__wrap___aeabi_d2iz
                0x10001698       0x48 CMakeFiles/testing.dir/Users/toddnielsen/.pico-sdk/sdk/2.0.0/src/rp2_common/pico_double/double_aeabi_rp2040.S.obj
                0x10001698                __wrap___aeabi_d2iz
                0x10001698                double2int_z
 .text.__wrap___aeabi_d2uiz
                0x100016e0       0x10 CMakeFiles/testing.dir/Users/toddnielsen/.pico-sdk/sdk/2.0.0/src/rp2_common/pico_double/double_aeabi_rp2040.S.obj
                0x100016e0                double2uint
                0x100016e0                __wrap___aeabi_d2uiz
 .text.missing_double_func_shim
                0x100016f0        0xc CMakeFiles/testing.dir/Users/toddnielsen/.pico-sdk/sdk/2.0.0/src/rp2_common/pico_double/double_init_rom_rp2040.c.obj
 .text.__aeabi_double_init
                0x100016fc       0xd0 CMakeFiles/testing.dir/Users/toddnielsen/.pico-sdk/sdk/2.0.0/src/rp2_common/pico_double/double_init_rom_rp2040.c.obj
                0x100016fc                __aeabi_double_init
 .text.double_table_shim_on_use_helper
                0x100017cc       0x34 CMakeFiles/testing.dir/Users/toddnielsen/.pico-sdk/sdk/2.0.0/src/rp2_common/pico_double/double_v1_rom_shim_rp2040.S.obj
                0x100017cc                double_table_shim_on_use_helper
 .text.missing_float_func_shim
                0x10001800        0xc CMakeFiles/testing.dir/Users/toddnielsen/.pico-sdk/sdk/2.0.0/src/rp2_common/pico_float/float_init_rom_rp2040.c.obj
 .text.__aeabi_float_init
                0x1000180c       0x88 CMakeFiles/testing.dir/Users/toddnielsen/.pico-sdk/sdk/2.0.0/src/rp2_common/pico_float/float_init_rom_rp2040.c.obj
                0x1000180c                __aeabi_float_init
 .text          0x10001894       0x10 CMakeFiles/testing.dir/Users/toddnielsen/.pico-sdk/sdk/2.0.0/src/rp2_common/pico_mem_ops/mem_ops_aeabi.S.obj
                0x10001894                __aeabi_mem_init
 .text.memcpy   0x100018a4        0xc CMakeFiles/testing.dir/Users/toddnielsen/.pico-sdk/sdk/2.0.0/src/rp2_common/pico_mem_ops/mem_ops_aeabi.S.obj
                0x100018a4                __wrap___aeabi_memcpy
                0x100018a4                __wrap_memcpy
 .text._out_null
                0x100018b0        0x2 CMakeFiles/testing.dir/Users/toddnielsen/.pico-sdk/sdk/2.0.0/src/rp2_common/pico_printf/printf.c.obj
 .text._out_fct
                0x100018b2        0xe CMakeFiles/testing.dir/Users/toddnielsen/.pico-sdk/sdk/2.0.0/src/rp2_common/pico_printf/printf.c.obj
 .text._atoi    0x100018c0       0x24 CMakeFiles/testing.dir/Users/toddnielsen/.pico-sdk/sdk/2.0.0/src/rp2_common/pico_printf/printf.c.obj
 .text._out_rev
                0x100018e4       0xae CMakeFiles/testing.dir/Users/toddnielsen/.pico-sdk/sdk/2.0.0/src/rp2_common/pico_printf/printf.c.obj
 .text._ntoa_format
                0x10001992      0x110 CMakeFiles/testing.dir/Users/toddnielsen/.pico-sdk/sdk/2.0.0/src/rp2_common/pico_printf/printf.c.obj
 .text._ntoa_long
                0x10001aa2       0xbc CMakeFiles/testing.dir/Users/toddnielsen/.pico-sdk/sdk/2.0.0/src/rp2_common/pico_printf/printf.c.obj
 .text._ntoa_long_long
                0x10001b5e      0x10e CMakeFiles/testing.dir/Users/toddnielsen/.pico-sdk/sdk/2.0.0/src/rp2_common/pico_printf/printf.c.obj
 .text._etoa    0x10001c6c      0x420 CMakeFiles/testing.dir/Users/toddnielsen/.pico-sdk/sdk/2.0.0/src/rp2_common/pico_printf/printf.c.obj
 .text._ftoa    0x1000208c      0x354 CMakeFiles/testing.dir/Users/toddnielsen/.pico-sdk/sdk/2.0.0/src/rp2_common/pico_printf/printf.c.obj
 .text._vsnprintf
                0x100023e0      0x668 CMakeFiles/testing.dir/Users/toddnielsen/.pico-sdk/sdk/2.0.0/src/rp2_common/pico_printf/printf.c.obj
 .text.vfctprintf
                0x10002a48       0x20 CMakeFiles/testing.dir/Users/toddnielsen/.pico-sdk/sdk/2.0.0/src/rp2_common/pico_printf/printf.c.obj
                0x10002a48                vfctprintf
 .text._exit    0x10002a68        0x4 CMakeFiles/testing.dir/Users/toddnielsen/.pico-sdk/sdk/2.0.0/src/rp2_common/pico_clib_interface/newlib_interface.c.obj
                0x10002a68                _exit
 .text.exit     0x10002a6c        0x6 CMakeFiles/testing.dir/Users/toddnielsen/.pico-sdk/sdk/2.0.0/src/rp2_common/pico_clib_interface/newlib_interface.c.obj
                0x10002a6c                exit
 *fill*         0x10002a72        0x2 
 .text.__assert_func
                0x10002a74       0x38 CMakeFiles/testing.dir/Users/toddnielsen/.pico-sdk/sdk/2.0.0/src/rp2_common/pico_clib_interface/newlib_interface.c.obj
                0x10002a74                __assert_func
 .text.runtime_init
                0x10002aac       0x28 CMakeFiles/testing.dir/Users/toddnielsen/.pico-sdk/sdk/2.0.0/src/rp2_common/pico_clib_interface/newlib_interface.c.obj
                0x10002aac                runtime_init
 .text.stdio_out_chars_no_crlf
                0x10002ad4        0xe CMakeFiles/testing.dir/Users/toddnielsen/.pico-sdk/sdk/2.0.0/src/rp2_common/pico_stdio/stdio.c.obj
 *fill*         0x10002ae2        0x2 
 .text.stdio_out_chars_crlf
                0x10002ae4       0x80 CMakeFiles/testing.dir/Users/toddnielsen/.pico-sdk/sdk/2.0.0/src/rp2_common/pico_stdio/stdio.c.obj
 .text.stdio_stack_buffer_flush
                0x10002b64       0x44 CMakeFiles/testing.dir/Users/toddnielsen/.pico-sdk/sdk/2.0.0/src/rp2_common/pico_stdio/stdio.c.obj
 .text.stdio_buffered_printer
                0x10002ba8       0x20 CMakeFiles/testing.dir/Users/toddnielsen/.pico-sdk/sdk/2.0.0/src/rp2_common/pico_stdio/stdio.c.obj
 .text.stdout_serialize_begin
                0x10002bc8       0x30 CMakeFiles/testing.dir/Users/toddnielsen/.pico-sdk/sdk/2.0.0/src/rp2_common/pico_stdio/stdio.c.obj
                0x10002bc8                stdout_serialize_begin
 .text.stdout_serialize_end
                0x10002bf8       0x10 CMakeFiles/testing.dir/Users/toddnielsen/.pico-sdk/sdk/2.0.0/src/rp2_common/pico_stdio/stdio.c.obj
                0x10002bf8                stdout_serialize_end
 .text.stdio_put_string
                0x10002c08       0x94 CMakeFiles/testing.dir/Users/toddnielsen/.pico-sdk/sdk/2.0.0/src/rp2_common/pico_stdio/stdio.c.obj
                0x10002c08                stdio_put_string
 .text.stdio_flush
                0x10002c9c       0x20 CMakeFiles/testing.dir/Users/toddnielsen/.pico-sdk/sdk/2.0.0/src/rp2_common/pico_stdio/stdio.c.obj
                0x10002c9c                stdio_flush
 .text.__wrap_puts
                0x10002cbc       0x1e CMakeFiles/testing.dir/Users/toddnielsen/.pico-sdk/sdk/2.0.0/src/rp2_common/pico_stdio/stdio.c.obj
                0x10002cbc                __wrap_puts
                0x10002cbc                stdio_puts
 *fill*         0x10002cda        0x2 
 .text.__wrap_vprintf
                0x10002cdc       0x40 CMakeFiles/testing.dir/Users/toddnielsen/.pico-sdk/sdk/2.0.0/src/rp2_common/pico_stdio/stdio.c.obj
                0x10002cdc                __wrap_vprintf
                0x10002cdc                stdio_vprintf
 .text.__wrap_printf
                0x10002d1c       0x18 CMakeFiles/testing.dir/Users/toddnielsen/.pico-sdk/sdk/2.0.0/src/rp2_common/pico_stdio/stdio.c.obj
                0x10002d1c                stdio_printf
                0x10002d1c                __wrap_printf
 .text.strlen   0x10002d34       0x5c /Users/toddnielsen/.pico-sdk/toolchain/13_2_Rel1/bin/../lib/gcc/arm-none-eabi/13.2.1/../../../../arm-none-eabi/lib/thumb/v6-m/nofp/libg.a(libc_a-strlen-stub.o)
                0x10002d34                strlen
 *(.fini)
 .fini          0x10002d90        0x4 /Users/toddnielsen/.pico-sdk/toolchain/13_2_Rel1/bin/../lib/gcc/arm-none-eabi/13.2.1/thumb/v6-m/nofp/crti.o
                0x10002d90                _fini
 *fill*         0x10002d94        0x4 
 .fini.__stub   0x10002d98       0x40 linker stubs
 *crtbegin.o(.ctors)
 *crtbegin?.o(.ctors)
 *(EXCLUDE_FILE(*crtend.o *crtend?.o) .ctors)
 *(SORT_BY_NAME(.ctors.*))
 *(.ctors)
 *crtbegin.o(.dtors)
 *crtbegin?.o(.dtors)
 *(EXCLUDE_FILE(*crtend.o *crtend?.o) .dtors)
 *(SORT_BY_NAME(.dtors.*))
 *(.dtors)
                0x10002dd8                        . = ALIGN (0x4)
                0x10002dd8                        PROVIDE (__preinit_array_start = .)
 *(SORT_BY_NAME(.preinit_array.*))
 .preinit_array.00100
                0x10002dd8        0x4 CMakeFiles/testing.dir/Users/toddnielsen/.pico-sdk/sdk/2.0.0/src/rp2_common/pico_runtime_init/runtime_init.c.obj
                0x10002dd8                __pre_init_runtime_init_early_resets
 .preinit_array.00101
                0x10002ddc        0x4 CMakeFiles/testing.dir/Users/toddnielsen/.pico-sdk/sdk/2.0.0/src/rp2_common/pico_runtime_init/runtime_init.c.obj
                0x10002ddc                __pre_init_runtime_init_usb_power_down
 .preinit_array.00275
                0x10002de0        0x4 CMakeFiles/testing.dir/Users/toddnielsen/.pico-sdk/sdk/2.0.0/src/rp2_common/pico_bit_ops/bit_ops_aeabi.S.obj
 .preinit_array.00300
                0x10002de4        0x4 CMakeFiles/testing.dir/Users/toddnielsen/.pico-sdk/sdk/2.0.0/src/rp2_common/pico_mem_ops/mem_ops_aeabi.S.obj
 .preinit_array.00350
                0x10002de8        0x4 CMakeFiles/testing.dir/Users/toddnielsen/.pico-sdk/sdk/2.0.0/src/rp2_common/pico_double/double_aeabi_rp2040.S.obj
 .preinit_array.00350
                0x10002dec        0x4 CMakeFiles/testing.dir/Users/toddnielsen/.pico-sdk/sdk/2.0.0/src/rp2_common/pico_float/float_aeabi_rp2040.S.obj
 .preinit_array.00500
                0x10002df0        0x4 CMakeFiles/testing.dir/Users/toddnielsen/.pico-sdk/sdk/2.0.0/src/rp2_common/pico_runtime_init/runtime_init.c.obj
                0x10002df0                __pre_init_runtime_init_clocks
 .preinit_array.00600
                0x10002df4        0x4 CMakeFiles/testing.dir/Users/toddnielsen/.pico-sdk/sdk/2.0.0/src/rp2_common/pico_runtime_init/runtime_init.c.obj
                0x10002df4                __pre_init_runtime_init_post_clock_resets
 .preinit_array.00700
                0x10002df8        0x4 CMakeFiles/testing.dir/Users/toddnielsen/.pico-sdk/sdk/2.0.0/src/rp2_common/pico_runtime_init/runtime_init.c.obj
                0x10002df8                __pre_init_runtime_init_rp2040_gpio_ie_disable
 .preinit_array.01000
                0x10002dfc        0x4 CMakeFiles/testing.dir/Users/toddnielsen/.pico-sdk/sdk/2.0.0/src/rp2_common/pico_runtime_init/runtime_init.c.obj
                0x10002dfc                __pre_init_runtime_init_spin_locks_reset
 .preinit_array.01100
                0x10002e00        0x4 CMakeFiles/testing.dir/Users/toddnielsen/.pico-sdk/sdk/2.0.0/src/common/pico_sync/mutex.c.obj
                0x10002e00                __pre_init_runtime_init_mutex
 .preinit_array.10080
                0x10002e04        0x4 CMakeFiles/testing.dir/Users/toddnielsen/.pico-sdk/sdk/2.0.0/src/rp2_common/pico_runtime_init/runtime_init.c.obj
                0x10002e04                __pre_init_runtime_init_install_ram_vector_table
 .preinit_array.11000
                0x10002e08        0x4 CMakeFiles/testing.dir/Users/toddnielsen/.pico-sdk/sdk/2.0.0/src/common/pico_time/time.c.obj
                0x10002e08                __pre_init_runtime_init_default_alarm_pool
 .preinit_array.YYYYY
                0x10002e0c        0x4 CMakeFiles/testing.dir/Users/toddnielsen/.pico-sdk/sdk/2.0.0/src/rp2_common/pico_runtime/runtime.c.obj
                0x10002e0c                __pre_init_first_per_core_initializer
 .preinit_array.ZZZZZ.01200
                0x10002e10        0x4 CMakeFiles/testing.dir/Users/toddnielsen/.pico-sdk/sdk/2.0.0/src/rp2_common/hardware_irq/irq.c.obj
                0x10002e10                __pre_init_runtime_init_per_core_irq_priorities
 *(.preinit_array)
                0x10002e14                        PROVIDE (__preinit_array_end = .)
                0x10002e14                        . = ALIGN (0x4)
                0x10002e14                        PROVIDE (__init_array_start = .)
 *(SORT_BY_NAME(.init_array.*))
 *(.init_array)
 .init_array    0x10002e14        0x4 /Users/toddnielsen/.pico-sdk/toolchain/13_2_Rel1/bin/../lib/gcc/arm-none-eabi/13.2.1/thumb/v6-m/nofp/crtbegin.o
                0x10002e18                        PROVIDE (__init_array_end = .)
                0x10002e18                        . = ALIGN (0x4)
                [!provide]                        PROVIDE (__fini_array_start = .)
 *(SORT_BY_NAME(.fini_array.*))
 *(.fini_array)
                [!provide]                        PROVIDE (__fini_array_end = .)
 *(.eh_frame*)
 .eh_frame      0x10002e18        0x0 /Users/toddnielsen/.pico-sdk/toolchain/13_2_Rel1/bin/../lib/gcc/arm-none-eabi/13.2.1/thumb/v6-m/nofp/crtbegin.o
                0x10002e18                        . = ALIGN (0x4)

.glue_7         0x10002e18        0x0
 .glue_7        0x10002e18        0x0 linker stubs

.glue_7t        0x10002e18        0x0
 .glue_7t       0x10002e18        0x0 linker stubs

.vfp11_veneer   0x10002e18        0x0
 .vfp11_veneer  0x10002e18        0x0 linker stubs

.v4_bx          0x10002e18        0x0
 .v4_bx         0x10002e18        0x0 linker stubs

.iplt           0x10002e18        0x0
 .iplt          0x10002e18        0x0 /Users/toddnielsen/.pico-sdk/toolchain/13_2_Rel1/bin/../lib/gcc/arm-none-eabi/13.2.1/thumb/v6-m/nofp/crtbegin.o

.rodata         0x10002e18      0x82c
 *(EXCLUDE_FILE(*libm.a: *libc.a:*lib_a-mem*.o *libgcc.a:) .rodata*)
 .rodata.testWorks.str1.4
                0x10002e18      0x52f CMakeFiles/testing.dir/test.c.obj
                                 0x1e (size before relaxing)
 .rodata.panic.str1.4
                0x10003347       0x12 CMakeFiles/testing.dir/Users/toddnielsen/.pico-sdk/sdk/2.0.0/src/rp2_common/pico_platform_panic/panic.c.obj
 .rodata.resolve_j_16.str1.4
                0x10003347       0x61 CMakeFiles/testing.dir/Users/toddnielsen/.pico-sdk/sdk/2.0.0/src/rp2_common/hardware_irq/irq.c.obj
 .rodata.irq_set_exclusive_handler.str1.4
                0x10003347       0x36 CMakeFiles/testing.dir/Users/toddnielsen/.pico-sdk/sdk/2.0.0/src/rp2_common/hardware_irq/irq.c.obj
 *fill*         0x10003347        0x1 
 .rodata.__func__.6
                0x10003348       0x1a CMakeFiles/testing.dir/Users/toddnielsen/.pico-sdk/sdk/2.0.0/src/rp2_common/hardware_irq/irq.c.obj
 .rodata.runtime_init_mutex.str1.4
                0x10003362       0x64 CMakeFiles/testing.dir/Users/toddnielsen/.pico-sdk/sdk/2.0.0/src/common/pico_sync/mutex.c.obj
 .rodata.str1.4
                0x10003362       0x51 CMakeFiles/testing.dir/Users/toddnielsen/.pico-sdk/sdk/2.0.0/src/common/pico_sync/mutex.c.obj
 *fill*         0x10003362        0x2 
 .rodata.__func__.1
                0x10003364        0xb CMakeFiles/testing.dir/Users/toddnielsen/.pico-sdk/sdk/2.0.0/src/common/pico_sync/mutex.c.obj
 *fill*         0x1000336f        0x1 
 .rodata.__func__.3
                0x10003370       0x18 CMakeFiles/testing.dir/Users/toddnielsen/.pico-sdk/sdk/2.0.0/src/common/pico_sync/mutex.c.obj
 .rodata.__func__.6
                0x10003388       0x13 CMakeFiles/testing.dir/Users/toddnielsen/.pico-sdk/sdk/2.0.0/src/common/pico_sync/mutex.c.obj
 .rodata.alarm_pool_irq_handler.str1.4
                0x1000339b       0x6f CMakeFiles/testing.dir/Users/toddnielsen/.pico-sdk/sdk/2.0.0/src/common/pico_time/time.c.obj
 .rodata.alarm_pool_get_default.str1.4
                0x1000339b       0x21 CMakeFiles/testing.dir/Users/toddnielsen/.pico-sdk/sdk/2.0.0/src/common/pico_time/time.c.obj
 *fill*         0x1000339b        0x1 
 .rodata.__func__.1
                0x1000339c       0x17 CMakeFiles/testing.dir/Users/toddnielsen/.pico-sdk/sdk/2.0.0/src/common/pico_time/time.c.obj
 *fill*         0x100033b3        0x1 
 .rodata.__func__.2
                0x100033b4       0x17 CMakeFiles/testing.dir/Users/toddnielsen/.pico-sdk/sdk/2.0.0/src/common/pico_time/time.c.obj
 .rodata.timer_hardware_alarm_claim.str1.4
                0x100033cb       0x22 CMakeFiles/testing.dir/Users/toddnielsen/.pico-sdk/sdk/2.0.0/src/rp2_common/hardware_timer/timer.c.obj
 .rodata.pll_init.str1.4
                0x100033cb      0x120 CMakeFiles/testing.dir/Users/toddnielsen/.pico-sdk/sdk/2.0.0/src/rp2_common/hardware_pll/pll.c.obj
 *fill*         0x100033cb        0x1 
 .rodata.__func__.0
                0x100033cc        0x9 CMakeFiles/testing.dir/Users/toddnielsen/.pico-sdk/sdk/2.0.0/src/rp2_common/hardware_pll/pll.c.obj
 .rodata.missing_double_func_shim.str1.4
                0x100033d5       0x18 CMakeFiles/testing.dir/Users/toddnielsen/.pico-sdk/sdk/2.0.0/src/rp2_common/pico_double/double_init_rom_rp2040.c.obj
 .rodata.__aeabi_double_init.str1.4
                0x100033d5       0x9f CMakeFiles/testing.dir/Users/toddnielsen/.pico-sdk/sdk/2.0.0/src/rp2_common/pico_double/double_init_rom_rp2040.c.obj
 *fill*         0x100033d5        0x3 
 .rodata.__func__.0
                0x100033d8       0x14 CMakeFiles/testing.dir/Users/toddnielsen/.pico-sdk/sdk/2.0.0/src/rp2_common/pico_double/double_init_rom_rp2040.c.obj
 .rodata.missing_float_func_shim.str1.4
                0x100033ec        0x1 CMakeFiles/testing.dir/Users/toddnielsen/.pico-sdk/sdk/2.0.0/src/rp2_common/pico_float/float_init_rom_rp2040.c.obj
 .rodata.__aeabi_float_init.str1.4
                0x100033ec       0x8d CMakeFiles/testing.dir/Users/toddnielsen/.pico-sdk/sdk/2.0.0/src/rp2_common/pico_float/float_init_rom_rp2040.c.obj
 .rodata.__func__.0
                0x100033ec       0x13 CMakeFiles/testing.dir/Users/toddnielsen/.pico-sdk/sdk/2.0.0/src/rp2_common/pico_float/float_init_rom_rp2040.c.obj
 .rodata.str1.4
                0x100033ff       0x30 CMakeFiles/testing.dir/Users/toddnielsen/.pico-sdk/sdk/2.0.0/src/rp2_common/pico_standard_binary_info/standard_binary_info.c.obj
 *fill*         0x100033ff        0x1 
 .rodata.__bi_84
                0x10003400        0xc CMakeFiles/testing.dir/Users/toddnielsen/.pico-sdk/sdk/2.0.0/src/rp2_common/pico_standard_binary_info/standard_binary_info.c.obj
 .rodata.__bi_60
                0x1000340c        0xc CMakeFiles/testing.dir/Users/toddnielsen/.pico-sdk/sdk/2.0.0/src/rp2_common/pico_standard_binary_info/standard_binary_info.c.obj
 .rodata.__bi_54
                0x10003418        0xc CMakeFiles/testing.dir/Users/toddnielsen/.pico-sdk/sdk/2.0.0/src/rp2_common/pico_standard_binary_info/standard_binary_info.c.obj
 .rodata.__bi_48
                0x10003424        0xc CMakeFiles/testing.dir/Users/toddnielsen/.pico-sdk/sdk/2.0.0/src/rp2_common/pico_standard_binary_info/standard_binary_info.c.obj
 .rodata.__bi_42
                0x10003430        0xc CMakeFiles/testing.dir/Users/toddnielsen/.pico-sdk/sdk/2.0.0/src/rp2_common/pico_standard_binary_info/standard_binary_info.c.obj
 .rodata.__bi_34
                0x1000343c        0xc CMakeFiles/testing.dir/Users/toddnielsen/.pico-sdk/sdk/2.0.0/src/rp2_common/pico_standard_binary_info/standard_binary_info.c.obj
 .rodata.__bi_26
                0x10003448        0xc CMakeFiles/testing.dir/Users/toddnielsen/.pico-sdk/sdk/2.0.0/src/rp2_common/pico_standard_binary_info/standard_binary_info.c.obj
 .rodata._ftoa.str1.4
                0x10003454       0x15 CMakeFiles/testing.dir/Users/toddnielsen/.pico-sdk/sdk/2.0.0/src/rp2_common/pico_printf/printf.c.obj
 .rodata._vsnprintf
                0x10003454      0x19c CMakeFiles/testing.dir/Users/toddnielsen/.pico-sdk/sdk/2.0.0/src/rp2_common/pico_printf/printf.c.obj
 .rodata.pow10.0
                0x100035f0       0x50 CMakeFiles/testing.dir/Users/toddnielsen/.pico-sdk/sdk/2.0.0/src/rp2_common/pico_printf/printf.c.obj
 .rodata.__assert_func.str1.4
                0x10003640       0x43 CMakeFiles/testing.dir/Users/toddnielsen/.pico-sdk/sdk/2.0.0/src/rp2_common/pico_clib_interface/newlib_interface.c.obj
 .rodata.crlf_str.0
                0x10003640        0x2 CMakeFiles/testing.dir/Users/toddnielsen/.pico-sdk/sdk/2.0.0/src/rp2_common/pico_stdio/stdio.c.obj
                0x10003684                        . = ALIGN (0x4)
 *fill*         0x10003642        0x2 
 *(SORT_BY_ALIGNMENT(SORT_BY_NAME(.flashdata*)))
                0x10003644                        . = ALIGN (0x4)

.ARM.extab
 *(.ARM.extab* .gnu.linkonce.armextab.*)
                0x10003644                        __exidx_start = .

.ARM.exidx
 *(.ARM.exidx* .gnu.linkonce.armexidx.*)
                0x10003644                        __exidx_end = .
                0x10003644                        . = ALIGN (0x4)
                0x10003644                        __binary_info_start = .

.binary_info    0x10003644       0x1c
 *(.binary_info.keep.*)
 .binary_info.keep.__bi_ptr84
                0x10003644        0x4 CMakeFiles/testing.dir/Users/toddnielsen/.pico-sdk/sdk/2.0.0/src/rp2_common/pico_standard_binary_info/standard_binary_info.c.obj
 .binary_info.keep.__bi_ptr60
                0x10003648        0x4 CMakeFiles/testing.dir/Users/toddnielsen/.pico-sdk/sdk/2.0.0/src/rp2_common/pico_standard_binary_info/standard_binary_info.c.obj
 .binary_info.keep.__bi_ptr54
                0x1000364c        0x4 CMakeFiles/testing.dir/Users/toddnielsen/.pico-sdk/sdk/2.0.0/src/rp2_common/pico_standard_binary_info/standard_binary_info.c.obj
 .binary_info.keep.__bi_ptr48
                0x10003650        0x4 CMakeFiles/testing.dir/Users/toddnielsen/.pico-sdk/sdk/2.0.0/src/rp2_common/pico_standard_binary_info/standard_binary_info.c.obj
 .binary_info.keep.__bi_ptr42
                0x10003654        0x4 CMakeFiles/testing.dir/Users/toddnielsen/.pico-sdk/sdk/2.0.0/src/rp2_common/pico_standard_binary_info/standard_binary_info.c.obj
 .binary_info.keep.__bi_ptr34
                0x10003658        0x4 CMakeFiles/testing.dir/Users/toddnielsen/.pico-sdk/sdk/2.0.0/src/rp2_common/pico_standard_binary_info/standard_binary_info.c.obj
 .binary_info.keep.__bi_ptr26
                0x1000365c        0x4 CMakeFiles/testing.dir/Users/toddnielsen/.pico-sdk/sdk/2.0.0/src/rp2_common/pico_standard_binary_info/standard_binary_info.c.obj
 *(.binary_info.*)
                0x10003660                        __binary_info_end = .

.rel.dyn        0x10003660        0x0
 .rel.iplt      0x10003660        0x0 /Users/toddnielsen/.pico-sdk/toolchain/13_2_Rel1/bin/../lib/gcc/arm-none-eabi/13.2.1/thumb/v6-m/nofp/crtbegin.o
                0x10003660                        . = ALIGN (0x4)

.ram_vector_table
                0x20000000       0xc0
 *(.ram_vector_table)
 .ram_vector_table
                0x20000000       0xc0 CMakeFiles/testing.dir/Users/toddnielsen/.pico-sdk/sdk/2.0.0/src/rp2_common/pico_runtime_init/runtime_init.c.obj
                0x20000000                ram_vector_table

.uninitialized_data
                0x200000c0        0x0
                0x200000c0                        . = ALIGN (0x4)
 *(.uninitialized_data*)

.data           0x200000c0      0x1c8 load address 0x10003660
                0x200000c0                        __data_start__ = .
 *(vtable)
 *(.time_critical*)
 .time_critical.mutex_try_enter
                0x200000c0       0x48 CMakeFiles/testing.dir/Users/toddnielsen/.pico-sdk/sdk/2.0.0/src/common/pico_sync/mutex.c.obj
                0x200000c0                mutex_try_enter
 .time_critical.mutex_enter_block_until
                0x20000108       0x90 CMakeFiles/testing.dir/Users/toddnielsen/.pico-sdk/sdk/2.0.0/src/common/pico_sync/mutex.c.obj
                0x20000108                mutex_enter_block_until
 .time_critical.mutex_try_enter_block_until
                0x20000198       0x34 CMakeFiles/testing.dir/Users/toddnielsen/.pico-sdk/sdk/2.0.0/src/common/pico_sync/mutex.c.obj
                0x20000198                mutex_try_enter_block_until
 .time_critical.mutex_exit
                0x200001cc       0x4c CMakeFiles/testing.dir/Users/toddnielsen/.pico-sdk/sdk/2.0.0/src/common/pico_sync/mutex.c.obj
                0x200001cc                mutex_exit
 *(.text*)
 .text          0x20000218        0x4 /Users/toddnielsen/.pico-sdk/toolchain/13_2_Rel1/bin/../lib/gcc/arm-none-eabi/13.2.1/thumb/v6-m/nofp/libgcc.a(_dvmd_tls.o)
                0x20000218                __aeabi_ldiv0
                0x20000218                __aeabi_idiv0
 *fill*         0x2000021c        0x4 
 .text.__stub   0x20000220       0x20 linker stubs
                0x20000240                        . = ALIGN (0x4)
 *(.rodata*)
                0x20000240                        . = ALIGN (0x4)
 *(.data*)
 .data.striped_spin_lock_num
                0x20000240        0x1 CMakeFiles/testing.dir/Users/toddnielsen/.pico-sdk/sdk/2.0.0/src/rp2_common/hardware_sync/sync.c.obj
 *fill*         0x20000241        0x3 
 .data.default_alarm_pool
                0x20000244       0x18 CMakeFiles/testing.dir/Users/toddnielsen/.pico-sdk/sdk/2.0.0/src/common/pico_time/time.c.obj
 *fill*         0x2000025c        0x4 
 .data.aeabi_bits_funcs
                0x20000260       0x10 CMakeFiles/testing.dir/Users/toddnielsen/.pico-sdk/sdk/2.0.0/src/rp2_common/pico_bit_ops/bit_ops_aeabi.S.obj
                0x20000260                aeabi_bits_funcs
                0x20000270                aeabi_bits_funcs_end
 .data.aeabi_mem_funcs
                0x20000270       0x10 CMakeFiles/testing.dir/Users/toddnielsen/.pico-sdk/sdk/2.0.0/src/rp2_common/pico_mem_ops/mem_ops_aeabi.S.obj
                0x20000270                aeabi_mem_funcs
                0x20000280                aeabi_mem_funcs_end
                0x20000280                        . = ALIGN (0x4)
 *(.after_data.*)
                0x20000280                        . = ALIGN (0x4)
                0x20000280                        PROVIDE (__mutex_array_start = .)
 *(SORT_BY_NAME(.mutex_array.*))
 *(.mutex_array)
 .mutex_array   0x20000280        0x8 CMakeFiles/testing.dir/Users/toddnielsen/.pico-sdk/sdk/2.0.0/src/rp2_common/pico_stdio/stdio.c.obj
                0x20000288                        PROVIDE (__mutex_array_end = .)
                0x20000288                        . = ALIGN (0x4)
 *(.jcr)
                0x20000288                        . = ALIGN (0x4)

.tm_clone_table
                0x20000288        0x0 load address 0x10003828
 .tm_clone_table
                0x20000288        0x0 /Users/toddnielsen/.pico-sdk/toolchain/13_2_Rel1/bin/../lib/gcc/arm-none-eabi/13.2.1/thumb/v6-m/nofp/crtbegin.o
 .tm_clone_table
                0x20000288        0x0 /Users/toddnielsen/.pico-sdk/toolchain/13_2_Rel1/bin/../lib/gcc/arm-none-eabi/13.2.1/thumb/v6-m/nofp/crtend.o

.igot.plt       0x20000288        0x0 load address 0x10003828
 .igot.plt      0x20000288        0x0 /Users/toddnielsen/.pico-sdk/toolchain/13_2_Rel1/bin/../lib/gcc/arm-none-eabi/13.2.1/thumb/v6-m/nofp/crtbegin.o

.tdata          0x20000288        0x0 load address 0x10003828
                0x20000288                        . = ALIGN (0x4)
 *(.tdata .tdata.* .gnu.linkonce.td.*)
                0x20000288                        __tdata_end = .
                0x20000288                        PROVIDE (__data_end__ = .)
                0x10003660                        __etext = LOADADDR (.data)

.tbss           0x20000288        0x0 load address 0x10003828
                0x20000288                        . = ALIGN (0x4)
                0x20000288                        __bss_start__ = .
                0x20000288                        __tls_base = .
 *(.tbss .tbss.* .gnu.linkonce.tb.*)
 *(.tcommon)
                0x20000288                        __tls_end = .

.bss            0x20000288      0x3e4 load address 0x10003828
                0x20000288                        . = ALIGN (0x4)
                0x20000288                        __tbss_end = .
 *(SORT_BY_ALIGNMENT(SORT_BY_NAME(.bss*)))
 .bss.default_alarm_pool_entries
                0x20000288      0x180 CMakeFiles/testing.dir/Users/toddnielsen/.pico-sdk/sdk/2.0.0/src/common/pico_time/time.c.obj
 .bss.claimed   0x20000408        0x1 CMakeFiles/testing.dir/Users/toddnielsen/.pico-sdk/sdk/2.0.0/src/rp2_common/hardware_timer/timer.c.obj
 *fill*         0x20000409        0x3 
 .bss.configured_freq
                0x2000040c       0x28 CMakeFiles/testing.dir/Users/toddnielsen/.pico-sdk/sdk/2.0.0/src/rp2_common/hardware_clocks/clocks.c.obj
 .bss.drivers   0x20000434        0x4 CMakeFiles/testing.dir/Users/toddnielsen/.pico-sdk/sdk/2.0.0/src/rp2_common/pico_stdio/stdio.c.obj
 .bss.filter    0x20000438        0x4 CMakeFiles/testing.dir/Users/toddnielsen/.pico-sdk/sdk/2.0.0/src/rp2_common/pico_stdio/stdio.c.obj
 .bss.object.0  0x2000043c       0x18 /Users/toddnielsen/.pico-sdk/toolchain/13_2_Rel1/bin/../lib/gcc/arm-none-eabi/13.2.1/thumb/v6-m/nofp/crtbegin.o
 .bss.pools     0x20000454       0x10 CMakeFiles/testing.dir/Users/toddnielsen/.pico-sdk/sdk/2.0.0/src/common/pico_time/time.c.obj
 .bss.sd_table  0x20000464      0x100 CMakeFiles/testing.dir/Users/toddnielsen/.pico-sdk/sdk/2.0.0/src/rp2_common/pico_double/double_init_rom_rp2040.c.obj
                0x20000464                sd_table
 .bss.sf_clz_func
                0x20000564        0x4 CMakeFiles/testing.dir/Users/toddnielsen/.pico-sdk/sdk/2.0.0/src/rp2_common/pico_double/double_init_rom_rp2040.c.obj
                0x20000564                sf_clz_func
 .bss.sf_table  0x20000568      0x100 CMakeFiles/testing.dir/Users/toddnielsen/.pico-sdk/sdk/2.0.0/src/rp2_common/pico_float/float_init_rom_rp2040.c.obj
                0x20000568                sf_table
 .bss.sleep_notifier
                0x20000668        0x4 CMakeFiles/testing.dir/Users/toddnielsen/.pico-sdk/sdk/2.0.0/src/common/pico_time/time.c.obj
 *(COMMON)
                0x2000066c                        . = ALIGN (0x4)
                0x2000066c                        __bss_end__ = .

.heap           0x2000066c    0x3f994 load address 0x10003828
                0x2000066c                        __end__ = .
                0x2000066c                        end = __end__
 *(.heap*)
 .heap          0x2000066c      0x800 CMakeFiles/testing.dir/Users/toddnielsen/.pico-sdk/sdk/2.0.0/src/rp2_common/pico_crt0/crt0.S.obj
                0x20040000                        . = (ORIGIN (RAM) + LENGTH (RAM))
 *fill*         0x20000e6c    0x3f194 
                0x20040000                        __HeapLimit = .

.scratch_x      0x20040000        0x0 load address 0x10003828
                0x20040000                        __scratch_x_start__ = .
 *(.scratch_x.*)
                0x20040000                        . = ALIGN (0x4)
                0x20040000                        __scratch_x_end__ = .
                0x10003828                        __scratch_x_source__ = LOADADDR (.scratch_x)

.scratch_y      0x20041000        0x0 load address 0x10003828
                0x20041000                        __scratch_y_start__ = .
 *(.scratch_y.*)
                0x20041000                        . = ALIGN (0x4)
                0x20041000                        __scratch_y_end__ = .
                0x10003828                        __scratch_y_source__ = LOADADDR (.scratch_y)

.stack1_dummy
 *(.stack1*)

.stack_dummy    0x20041000      0x800
 *(.stack*)
 .stack         0x20041000      0x800 CMakeFiles/testing.dir/Users/toddnielsen/.pico-sdk/sdk/2.0.0/src/rp2_common/pico_crt0/crt0.S.obj

.flash_end      0x10003828        0x0
 *(.embedded_end_block*)
                0x10003828                        PROVIDE (__flash_binary_end = .)
                0x20040000                        __StackLimit = (ORIGIN (RAM) + LENGTH (RAM))
                0x20041000                        __StackOneTop = (ORIGIN (SCRATCH_X) + LENGTH (SCRATCH_X))
                0x20042000                        __StackTop = (ORIGIN (SCRATCH_Y) + LENGTH (SCRATCH_Y))
                0x20041000                        __StackOneBottom = (__StackOneTop - SIZEOF (.stack1_dummy))
                0x20041800                        __StackBottom = (__StackTop - SIZEOF (.stack_dummy))
                0x20042000                        PROVIDE (__stack = __StackTop)
                [!provide]                        PROVIDE (__heap_start = __end__)
                [!provide]                        PROVIDE (__heap_end = __HeapLimit)
                [!provide]                        PROVIDE (__tls_align = MAX (ALIGNOF (.tdata), ALIGNOF (.tbss)))
                [!provide]                        PROVIDE (__tls_size_align = (((__tls_size + __tls_align) - 0x1) & ~ ((__tls_align - 0x1))))
                [!provide]                        PROVIDE (__arm32_tls_tcb_offset = MAX (0x8, __tls_align))
                [!provide]                        PROVIDE (_end = __end__)
                [!provide]                        PROVIDE (__llvm_libc_heap_limit = __HeapLimit)
                0x00000001                        ASSERT ((__StackLimit >= __HeapLimit), region RAM overflowed)
                0x00000001                        ASSERT (((__binary_info_header_end - __logical_binary_start) <= 0x100), Binary info must be in first 256 bytes of the binary)
LOAD CMakeFiles/testing.dir/test.c.obj
LOAD CMakeFiles/testing.dir/Users/toddnielsen/.pico-sdk/sdk/2.0.0/src/rp2_common/pico_stdlib/stdlib.c.obj
LOAD CMakeFiles/testing.dir/Users/toddnielsen/.pico-sdk/sdk/2.0.0/src/rp2_common/hardware_gpio/gpio.c.obj
LOAD CMakeFiles/testing.dir/Users/toddnielsen/.pico-sdk/sdk/2.0.0/src/rp2040/pico_platform/platform.c.obj
LOAD CMakeFiles/testing.dir/Users/toddnielsen/.pico-sdk/sdk/2.0.0/src/rp2_common/pico_platform_panic/panic.c.obj
LOAD CMakeFiles/testing.dir/Users/toddnielsen/.pico-sdk/sdk/2.0.0/src/common/hardware_claim/claim.c.obj
LOAD CMakeFiles/testing.dir/Users/toddnielsen/.pico-sdk/sdk/2.0.0/src/rp2_common/hardware_sync/sync.c.obj
LOAD CMakeFiles/testing.dir/Users/toddnielsen/.pico-sdk/sdk/2.0.0/src/rp2_common/hardware_sync_spin_lock/sync_spin_lock.c.obj
LOAD CMakeFiles/testing.dir/Users/toddnielsen/.pico-sdk/sdk/2.0.0/src/rp2_common/hardware_irq/irq.c.obj
LOAD CMakeFiles/testing.dir/Users/toddnielsen/.pico-sdk/sdk/2.0.0/src/rp2_common/hardware_irq/irq_handler_chain.S.obj
LOAD CMakeFiles/testing.dir/Users/toddnielsen/.pico-sdk/sdk/2.0.0/src/common/pico_sync/sem.c.obj
LOAD CMakeFiles/testing.dir/Users/toddnielsen/.pico-sdk/sdk/2.0.0/src/common/pico_sync/lock_core.c.obj
LOAD CMakeFiles/testing.dir/Users/toddnielsen/.pico-sdk/sdk/2.0.0/src/common/pico_sync/mutex.c.obj
LOAD CMakeFiles/testing.dir/Users/toddnielsen/.pico-sdk/sdk/2.0.0/src/common/pico_sync/critical_section.c.obj
LOAD CMakeFiles/testing.dir/Users/toddnielsen/.pico-sdk/sdk/2.0.0/src/common/pico_time/time.c.obj
LOAD CMakeFiles/testing.dir/Users/toddnielsen/.pico-sdk/sdk/2.0.0/src/common/pico_time/timeout_helper.c.obj
LOAD CMakeFiles/testing.dir/Users/toddnielsen/.pico-sdk/sdk/2.0.0/src/rp2_common/hardware_timer/timer.c.obj
LOAD CMakeFiles/testing.dir/Users/toddnielsen/.pico-sdk/sdk/2.0.0/src/common/pico_util/datetime.c.obj
LOAD CMakeFiles/testing.dir/Users/toddnielsen/.pico-sdk/sdk/2.0.0/src/common/pico_util/pheap.c.obj
LOAD CMakeFiles/testing.dir/Users/toddnielsen/.pico-sdk/sdk/2.0.0/src/common/pico_util/queue.c.obj
LOAD CMakeFiles/testing.dir/Users/toddnielsen/.pico-sdk/sdk/2.0.0/src/rp2_common/hardware_uart/uart.c.obj
LOAD CMakeFiles/testing.dir/Users/toddnielsen/.pico-sdk/sdk/2.0.0/src/rp2_common/hardware_clocks/clocks.c.obj
LOAD CMakeFiles/testing.dir/Users/toddnielsen/.pico-sdk/sdk/2.0.0/src/rp2_common/hardware_pll/pll.c.obj
LOAD CMakeFiles/testing.dir/Users/toddnielsen/.pico-sdk/sdk/2.0.0/src/rp2_common/hardware_vreg/vreg.c.obj
LOAD CMakeFiles/testing.dir/Users/toddnielsen/.pico-sdk/sdk/2.0.0/src/rp2_common/hardware_watchdog/watchdog.c.obj
LOAD CMakeFiles/testing.dir/Users/toddnielsen/.pico-sdk/sdk/2.0.0/src/rp2_common/hardware_ticks/ticks.c.obj
LOAD CMakeFiles/testing.dir/Users/toddnielsen/.pico-sdk/sdk/2.0.0/src/rp2_common/hardware_xosc/xosc.c.obj
LOAD CMakeFiles/testing.dir/Users/toddnielsen/.pico-sdk/sdk/2.0.0/src/rp2_common/hardware_divider/divider.S.obj
LOAD CMakeFiles/testing.dir/Users/toddnielsen/.pico-sdk/sdk/2.0.0/src/rp2_common/pico_runtime/runtime.c.obj
LOAD CMakeFiles/testing.dir/Users/toddnielsen/.pico-sdk/sdk/2.0.0/src/rp2_common/pico_runtime_init/runtime_init.c.obj
LOAD CMakeFiles/testing.dir/Users/toddnielsen/.pico-sdk/sdk/2.0.0/src/rp2_common/pico_runtime_init/runtime_init_clocks.c.obj
LOAD CMakeFiles/testing.dir/Users/toddnielsen/.pico-sdk/sdk/2.0.0/src/rp2_common/pico_runtime_init/runtime_init_stack_guard.c.obj
LOAD CMakeFiles/testing.dir/Users/toddnielsen/.pico-sdk/sdk/2.0.0/src/rp2_common/pico_bit_ops/bit_ops_aeabi.S.obj
LOAD CMakeFiles/testing.dir/Users/toddnielsen/.pico-sdk/sdk/2.0.0/src/rp2_common/pico_bootrom/bootrom.c.obj
LOAD CMakeFiles/testing.dir/Users/toddnielsen/.pico-sdk/sdk/2.0.0/src/rp2_common/pico_bootrom/bootrom_lock.c.obj
LOAD CMakeFiles/testing.dir/Users/toddnielsen/.pico-sdk/sdk/2.0.0/src/rp2_common/hardware_boot_lock/boot_lock.c.obj
LOAD CMakeFiles/testing.dir/Users/toddnielsen/.pico-sdk/sdk/2.0.0/src/rp2_common/pico_divider/divider_hardware.S.obj
LOAD CMakeFiles/testing.dir/Users/toddnielsen/.pico-sdk/sdk/2.0.0/src/rp2_common/pico_double/double_aeabi_rp2040.S.obj
LOAD CMakeFiles/testing.dir/Users/toddnielsen/.pico-sdk/sdk/2.0.0/src/rp2_common/pico_double/double_init_rom_rp2040.c.obj
LOAD CMakeFiles/testing.dir/Users/toddnielsen/.pico-sdk/sdk/2.0.0/src/rp2_common/pico_double/double_math.c.obj
LOAD CMakeFiles/testing.dir/Users/toddnielsen/.pico-sdk/sdk/2.0.0/src/rp2_common/pico_double/double_v1_rom_shim_rp2040.S.obj
LOAD CMakeFiles/testing.dir/Users/toddnielsen/.pico-sdk/sdk/2.0.0/src/rp2_common/pico_int64_ops/pico_int64_ops_aeabi.S.obj
LOAD CMakeFiles/testing.dir/Users/toddnielsen/.pico-sdk/sdk/2.0.0/src/rp2_common/pico_float/float_aeabi_rp2040.S.obj
LOAD CMakeFiles/testing.dir/Users/toddnielsen/.pico-sdk/sdk/2.0.0/src/rp2_common/pico_float/float_init_rom_rp2040.c.obj
LOAD CMakeFiles/testing.dir/Users/toddnielsen/.pico-sdk/sdk/2.0.0/src/rp2_common/pico_float/float_math.c.obj
LOAD CMakeFiles/testing.dir/Users/toddnielsen/.pico-sdk/sdk/2.0.0/src/rp2_common/pico_float/float_v1_rom_shim_rp2040.S.obj
LOAD CMakeFiles/testing.dir/Users/toddnielsen/.pico-sdk/sdk/2.0.0/src/rp2_common/pico_malloc/malloc.c.obj
LOAD CMakeFiles/testing.dir/Users/toddnielsen/.pico-sdk/sdk/2.0.0/src/rp2_common/pico_mem_ops/mem_ops_aeabi.S.obj
LOAD CMakeFiles/testing.dir/Users/toddnielsen/.pico-sdk/sdk/2.0.0/src/rp2_common/pico_atomic/atomic.c.obj
LOAD CMakeFiles/testing.dir/Users/toddnielsen/.pico-sdk/sdk/2.0.0/src/rp2_common/pico_cxx_options/new_delete.cpp.obj
LOAD CMakeFiles/testing.dir/Users/toddnielsen/.pico-sdk/sdk/2.0.0/src/rp2_common/pico_standard_binary_info/standard_binary_info.c.obj
LOAD CMakeFiles/testing.dir/Users/toddnielsen/.pico-sdk/sdk/2.0.0/src/rp2_common/pico_printf/printf.c.obj
LOAD CMakeFiles/testing.dir/Users/toddnielsen/.pico-sdk/sdk/2.0.0/src/rp2_common/pico_crt0/crt0.S.obj
LOAD CMakeFiles/testing.dir/Users/toddnielsen/.pico-sdk/sdk/2.0.0/src/rp2_common/pico_clib_interface/newlib_interface.c.obj
LOAD CMakeFiles/testing.dir/Users/toddnielsen/.pico-sdk/sdk/2.0.0/src/rp2_common/pico_stdio/stdio.c.obj
LOAD /var/folders/82/x1415qy57h78r72yscd8s_400000gn/T//ccudbzxV.o
LOAD /Users/toddnielsen/.pico-sdk/toolchain/13_2_Rel1/bin/../lib/gcc/arm-none-eabi/13.2.1/../../../../arm-none-eabi/lib/thumb/v6-m/nofp/libstdc++.a
LOAD /Users/toddnielsen/.pico-sdk/toolchain/13_2_Rel1/bin/../lib/gcc/arm-none-eabi/13.2.1/../../../../arm-none-eabi/lib/thumb/v6-m/nofp/libm.a
START GROUP
LOAD /Users/toddnielsen/.pico-sdk/toolchain/13_2_Rel1/bin/../lib/gcc/arm-none-eabi/13.2.1/thumb/v6-m/nofp/libgcc.a
LOAD /Users/toddnielsen/.pico-sdk/toolchain/13_2_Rel1/bin/../lib/gcc/arm-none-eabi/13.2.1/../../../../arm-none-eabi/lib/thumb/v6-m/nofp/libg.a
LOAD /Users/toddnielsen/.pico-sdk/toolchain/13_2_Rel1/bin/../lib/gcc/arm-none-eabi/13.2.1/../../../../arm-none-eabi/lib/thumb/v6-m/nofp/libc.a
END GROUP
START GROUP
LOAD /Users/toddnielsen/.pico-sdk/toolchain/13_2_Rel1/bin/../lib/gcc/arm-none-eabi/13.2.1/thumb/v6-m/nofp/libgcc.a
LOAD /Users/toddnielsen/.pico-sdk/toolchain/13_2_Rel1/bin/../lib/gcc/arm-none-eabi/13.2.1/../../../../arm-none-eabi/lib/thumb/v6-m/nofp/libc.a
LOAD /Users/toddnielsen/.pico-sdk/toolchain/13_2_Rel1/bin/../lib/gcc/arm-none-eabi/13.2.1/../../../../arm-none-eabi/lib/thumb/v6-m/nofp/libnosys.a
END GROUP
LOAD /Users/toddnielsen/.pico-sdk/toolchain/13_2_Rel1/bin/../lib/gcc/arm-none-eabi/13.2.1/thumb/v6-m/nofp/crtend.o
LOAD /Users/toddnielsen/.pico-sdk/toolchain/13_2_Rel1/bin/../lib/gcc/arm-none-eabi/13.2.1/thumb/v6-m/nofp/crtn.o
OUTPUT(testing.elf elf32-littlearm)
LOAD linker stubs

.ARM.attributes
                0x00000000       0x28
 .ARM.attributes
                0x00000000       0x1e /Users/toddnielsen/.pico-sdk/toolchain/13_2_Rel1/bin/../lib/gcc/arm-none-eabi/13.2.1/thumb/v6-m/nofp/crti.o
 .ARM.attributes
                0x0000001e       0x2c /Users/toddnielsen/.pico-sdk/toolchain/13_2_Rel1/bin/../lib/gcc/arm-none-eabi/13.2.1/thumb/v6-m/nofp/crtbegin.o
 .ARM.attributes
                0x0000004a       0x2c CMakeFiles/testing.dir/test.c.obj
 .ARM.attributes
                0x00000076       0x2c CMakeFiles/testing.dir/Users/toddnielsen/.pico-sdk/sdk/2.0.0/src/rp2_common/pico_platform_panic/panic.c.obj
 .ARM.attributes
                0x000000a2       0x2c CMakeFiles/testing.dir/Users/toddnielsen/.pico-sdk/sdk/2.0.0/src/common/hardware_claim/claim.c.obj
 .ARM.attributes
                0x000000ce       0x2c CMakeFiles/testing.dir/Users/toddnielsen/.pico-sdk/sdk/2.0.0/src/rp2_common/hardware_sync/sync.c.obj
 .ARM.attributes
                0x000000fa       0x2c CMakeFiles/testing.dir/Users/toddnielsen/.pico-sdk/sdk/2.0.0/src/rp2_common/hardware_sync_spin_lock/sync_spin_lock.c.obj
 .ARM.attributes
                0x00000126       0x2c CMakeFiles/testing.dir/Users/toddnielsen/.pico-sdk/sdk/2.0.0/src/rp2_common/hardware_irq/irq.c.obj
 .ARM.attributes
                0x00000152       0x2c CMakeFiles/testing.dir/Users/toddnielsen/.pico-sdk/sdk/2.0.0/src/common/pico_sync/lock_core.c.obj
 .ARM.attributes
                0x0000017e       0x2c CMakeFiles/testing.dir/Users/toddnielsen/.pico-sdk/sdk/2.0.0/src/common/pico_sync/mutex.c.obj
 .ARM.attributes
                0x000001aa       0x2c CMakeFiles/testing.dir/Users/toddnielsen/.pico-sdk/sdk/2.0.0/src/common/pico_time/time.c.obj
 .ARM.attributes
                0x000001d6       0x2c CMakeFiles/testing.dir/Users/toddnielsen/.pico-sdk/sdk/2.0.0/src/rp2_common/hardware_timer/timer.c.obj
 .ARM.attributes
                0x00000202       0x2c CMakeFiles/testing.dir/Users/toddnielsen/.pico-sdk/sdk/2.0.0/src/rp2_common/hardware_clocks/clocks.c.obj
 .ARM.attributes
                0x0000022e       0x2c CMakeFiles/testing.dir/Users/toddnielsen/.pico-sdk/sdk/2.0.0/src/rp2_common/hardware_pll/pll.c.obj
 .ARM.attributes
                0x0000025a       0x2c CMakeFiles/testing.dir/Users/toddnielsen/.pico-sdk/sdk/2.0.0/src/rp2_common/hardware_ticks/ticks.c.obj
 .ARM.attributes
                0x00000286       0x2c CMakeFiles/testing.dir/Users/toddnielsen/.pico-sdk/sdk/2.0.0/src/rp2_common/hardware_xosc/xosc.c.obj
 .ARM.attributes
                0x000002b2       0x2c CMakeFiles/testing.dir/Users/toddnielsen/.pico-sdk/sdk/2.0.0/src/rp2_common/pico_runtime/runtime.c.obj
 .ARM.attributes
                0x000002de       0x2c CMakeFiles/testing.dir/Users/toddnielsen/.pico-sdk/sdk/2.0.0/src/rp2_common/pico_runtime_init/runtime_init.c.obj
 .ARM.attributes
                0x0000030a       0x2c CMakeFiles/testing.dir/Users/toddnielsen/.pico-sdk/sdk/2.0.0/src/rp2_common/pico_runtime_init/runtime_init_clocks.c.obj
 .ARM.attributes
                0x00000336       0x22 CMakeFiles/testing.dir/Users/toddnielsen/.pico-sdk/sdk/2.0.0/src/rp2_common/pico_bit_ops/bit_ops_aeabi.S.obj
 .ARM.attributes
                0x00000358       0x2c CMakeFiles/testing.dir/Users/toddnielsen/.pico-sdk/sdk/2.0.0/src/rp2_common/pico_bootrom/bootrom.c.obj
 .ARM.attributes
                0x00000384       0x22 CMakeFiles/testing.dir/Users/toddnielsen/.pico-sdk/sdk/2.0.0/src/rp2_common/pico_divider/divider_hardware.S.obj
 .ARM.attributes
                0x000003a6       0x22 CMakeFiles/testing.dir/Users/toddnielsen/.pico-sdk/sdk/2.0.0/src/rp2_common/pico_double/double_aeabi_rp2040.S.obj
 .ARM.attributes
                0x000003c8       0x2c CMakeFiles/testing.dir/Users/toddnielsen/.pico-sdk/sdk/2.0.0/src/rp2_common/pico_double/double_init_rom_rp2040.c.obj
 .ARM.attributes
                0x000003f4       0x22 CMakeFiles/testing.dir/Users/toddnielsen/.pico-sdk/sdk/2.0.0/src/rp2_common/pico_double/double_v1_rom_shim_rp2040.S.obj
 .ARM.attributes
                0x00000416       0x22 CMakeFiles/testing.dir/Users/toddnielsen/.pico-sdk/sdk/2.0.0/src/rp2_common/pico_float/float_aeabi_rp2040.S.obj
 .ARM.attributes
                0x00000438       0x2c CMakeFiles/testing.dir/Users/toddnielsen/.pico-sdk/sdk/2.0.0/src/rp2_common/pico_float/float_init_rom_rp2040.c.obj
 .ARM.attributes
                0x00000464       0x22 CMakeFiles/testing.dir/Users/toddnielsen/.pico-sdk/sdk/2.0.0/src/rp2_common/pico_mem_ops/mem_ops_aeabi.S.obj
 .ARM.attributes
                0x00000486       0x2c CMakeFiles/testing.dir/Users/toddnielsen/.pico-sdk/sdk/2.0.0/src/rp2_common/pico_standard_binary_info/standard_binary_info.c.obj
 .ARM.attributes
                0x000004b2       0x2c CMakeFiles/testing.dir/Users/toddnielsen/.pico-sdk/sdk/2.0.0/src/rp2_common/pico_printf/printf.c.obj
 .ARM.attributes
                0x000004de       0x22 CMakeFiles/testing.dir/Users/toddnielsen/.pico-sdk/sdk/2.0.0/src/rp2_common/pico_crt0/crt0.S.obj
 .ARM.attributes
                0x00000500       0x2c CMakeFiles/testing.dir/Users/toddnielsen/.pico-sdk/sdk/2.0.0/src/rp2_common/pico_clib_interface/newlib_interface.c.obj
 .ARM.attributes
                0x0000052c       0x2c CMakeFiles/testing.dir/Users/toddnielsen/.pico-sdk/sdk/2.0.0/src/rp2_common/pico_stdio/stdio.c.obj
 .ARM.attributes
                0x00000558       0x22 /var/folders/82/x1415qy57h78r72yscd8s_400000gn/T//ccudbzxV.o
 .ARM.attributes
                0x0000057a       0x1e /Users/toddnielsen/.pico-sdk/toolchain/13_2_Rel1/bin/../lib/gcc/arm-none-eabi/13.2.1/thumb/v6-m/nofp/libgcc.a(_dvmd_tls.o)
 .ARM.attributes
                0x00000598       0x2c /Users/toddnielsen/.pico-sdk/toolchain/13_2_Rel1/bin/../lib/gcc/arm-none-eabi/13.2.1/../../../../arm-none-eabi/lib/thumb/v6-m/nofp/libg.a(libc_a-strlen-stub.o)
 .ARM.attributes
                0x000005c4       0x2c /Users/toddnielsen/.pico-sdk/toolchain/13_2_Rel1/bin/../lib/gcc/arm-none-eabi/13.2.1/thumb/v6-m/nofp/crtend.o

.comment        0x00000000       0x44
 .comment       0x00000000       0x44 CMakeFiles/testing.dir/test.c.obj
                                 0x45 (size before relaxing)
 .comment       0x00000044       0x45 CMakeFiles/testing.dir/Users/toddnielsen/.pico-sdk/sdk/2.0.0/src/rp2_common/pico_platform_panic/panic.c.obj
 .comment       0x00000044       0x45 CMakeFiles/testing.dir/Users/toddnielsen/.pico-sdk/sdk/2.0.0/src/common/hardware_claim/claim.c.obj
 .comment       0x00000044       0x45 CMakeFiles/testing.dir/Users/toddnielsen/.pico-sdk/sdk/2.0.0/src/rp2_common/hardware_sync/sync.c.obj
 .comment       0x00000044       0x45 CMakeFiles/testing.dir/Users/toddnielsen/.pico-sdk/sdk/2.0.0/src/rp2_common/hardware_sync_spin_lock/sync_spin_lock.c.obj
 .comment       0x00000044       0x45 CMakeFiles/testing.dir/Users/toddnielsen/.pico-sdk/sdk/2.0.0/src/rp2_common/hardware_irq/irq.c.obj
 .comment       0x00000044       0x45 CMakeFiles/testing.dir/Users/toddnielsen/.pico-sdk/sdk/2.0.0/src/common/pico_sync/lock_core.c.obj
 .comment       0x00000044       0x45 CMakeFiles/testing.dir/Users/toddnielsen/.pico-sdk/sdk/2.0.0/src/common/pico_sync/mutex.c.obj
 .comment       0x00000044       0x45 CMakeFiles/testing.dir/Users/toddnielsen/.pico-sdk/sdk/2.0.0/src/common/pico_time/time.c.obj
 .comment       0x00000044       0x45 CMakeFiles/testing.dir/Users/toddnielsen/.pico-sdk/sdk/2.0.0/src/rp2_common/hardware_timer/timer.c.obj
 .comment       0x00000044       0x45 CMakeFiles/testing.dir/Users/toddnielsen/.pico-sdk/sdk/2.0.0/src/rp2_common/hardware_clocks/clocks.c.obj
 .comment       0x00000044       0x45 CMakeFiles/testing.dir/Users/toddnielsen/.pico-sdk/sdk/2.0.0/src/rp2_common/hardware_pll/pll.c.obj
 .comment       0x00000044       0x45 CMakeFiles/testing.dir/Users/toddnielsen/.pico-sdk/sdk/2.0.0/src/rp2_common/hardware_ticks/ticks.c.obj
 .comment       0x00000044       0x45 CMakeFiles/testing.dir/Users/toddnielsen/.pico-sdk/sdk/2.0.0/src/rp2_common/hardware_xosc/xosc.c.obj
 .comment       0x00000044       0x45 CMakeFiles/testing.dir/Users/toddnielsen/.pico-sdk/sdk/2.0.0/src/rp2_common/pico_runtime/runtime.c.obj
 .comment       0x00000044       0x45 CMakeFiles/testing.dir/Users/toddnielsen/.pico-sdk/sdk/2.0.0/src/rp2_common/pico_runtime_init/runtime_init.c.obj
 .comment       0x00000044       0x45 CMakeFiles/testing.dir/Users/toddnielsen/.pico-sdk/sdk/2.0.0/src/rp2_common/pico_runtime_init/runtime_init_clocks.c.obj
 .comment       0x00000044       0x45 CMakeFiles/testing.dir/Users/toddnielsen/.pico-sdk/sdk/2.0.0/src/rp2_common/pico_bootrom/bootrom.c.obj
 .comment       0x00000044       0x45 CMakeFiles/testing.dir/Users/toddnielsen/.pico-sdk/sdk/2.0.0/src/rp2_common/pico_double/double_init_rom_rp2040.c.obj
 .comment       0x00000044       0x45 CMakeFiles/testing.dir/Users/toddnielsen/.pico-sdk/sdk/2.0.0/src/rp2_common/pico_float/float_init_rom_rp2040.c.obj
 .comment       0x00000044       0x45 CMakeFiles/testing.dir/Users/toddnielsen/.pico-sdk/sdk/2.0.0/src/rp2_common/pico_standard_binary_info/standard_binary_info.c.obj
 .comment       0x00000044       0x45 CMakeFiles/testing.dir/Users/toddnielsen/.pico-sdk/sdk/2.0.0/src/rp2_common/pico_printf/printf.c.obj
 .comment       0x00000044       0x45 CMakeFiles/testing.dir/Users/toddnielsen/.pico-sdk/sdk/2.0.0/src/rp2_common/pico_clib_interface/newlib_interface.c.obj
 .comment       0x00000044       0x45 CMakeFiles/testing.dir/Users/toddnielsen/.pico-sdk/sdk/2.0.0/src/rp2_common/pico_stdio/stdio.c.obj

.debug_info     0x00000000    0x11693
 .debug_info    0x00000000      0x188 CMakeFiles/testing.dir/test.c.obj
 .debug_info    0x00000188      0x1b4 CMakeFiles/testing.dir/Users/toddnielsen/.pico-sdk/sdk/2.0.0/src/rp2_common/pico_platform_panic/panic.c.obj
 .debug_info    0x0000033c      0x6b1 CMakeFiles/testing.dir/Users/toddnielsen/.pico-sdk/sdk/2.0.0/src/common/hardware_claim/claim.c.obj
 .debug_info    0x000009ed      0x465 CMakeFiles/testing.dir/Users/toddnielsen/.pico-sdk/sdk/2.0.0/src/rp2_common/hardware_sync/sync.c.obj
 .debug_info    0x00000e52      0x2f7 CMakeFiles/testing.dir/Users/toddnielsen/.pico-sdk/sdk/2.0.0/src/rp2_common/hardware_sync_spin_lock/sync_spin_lock.c.obj
 .debug_info    0x00001149     0x1fe9 CMakeFiles/testing.dir/Users/toddnielsen/.pico-sdk/sdk/2.0.0/src/rp2_common/hardware_irq/irq.c.obj
 .debug_info    0x00003132      0x1af CMakeFiles/testing.dir/Users/toddnielsen/.pico-sdk/sdk/2.0.0/src/common/pico_sync/lock_core.c.obj
 .debug_info    0x000032e1     0x1e7c CMakeFiles/testing.dir/Users/toddnielsen/.pico-sdk/sdk/2.0.0/src/common/pico_sync/mutex.c.obj
 .debug_info    0x0000515d     0x3353 CMakeFiles/testing.dir/Users/toddnielsen/.pico-sdk/sdk/2.0.0/src/common/pico_time/time.c.obj
 .debug_info    0x000084b0     0x19b0 CMakeFiles/testing.dir/Users/toddnielsen/.pico-sdk/sdk/2.0.0/src/rp2_common/hardware_timer/timer.c.obj
 .debug_info    0x00009e60     0x1509 CMakeFiles/testing.dir/Users/toddnielsen/.pico-sdk/sdk/2.0.0/src/rp2_common/hardware_clocks/clocks.c.obj
 .debug_info    0x0000b369      0x64f CMakeFiles/testing.dir/Users/toddnielsen/.pico-sdk/sdk/2.0.0/src/rp2_common/hardware_pll/pll.c.obj
 .debug_info    0x0000b9b8      0x2b2 CMakeFiles/testing.dir/Users/toddnielsen/.pico-sdk/sdk/2.0.0/src/rp2_common/hardware_ticks/ticks.c.obj
 .debug_info    0x0000bc6a      0x1d0 CMakeFiles/testing.dir/Users/toddnielsen/.pico-sdk/sdk/2.0.0/src/rp2_common/hardware_xosc/xosc.c.obj
 .debug_info    0x0000be3a      0x1bc CMakeFiles/testing.dir/Users/toddnielsen/.pico-sdk/sdk/2.0.0/src/rp2_common/pico_runtime/runtime.c.obj
 .debug_info    0x0000bff6      0x7ad CMakeFiles/testing.dir/Users/toddnielsen/.pico-sdk/sdk/2.0.0/src/rp2_common/pico_runtime_init/runtime_init.c.obj
 .debug_info    0x0000c7a3      0x765 CMakeFiles/testing.dir/Users/toddnielsen/.pico-sdk/sdk/2.0.0/src/rp2_common/pico_runtime_init/runtime_init_clocks.c.obj
 .debug_info    0x0000cf08       0x23 CMakeFiles/testing.dir/Users/toddnielsen/.pico-sdk/sdk/2.0.0/src/rp2_common/pico_bit_ops/bit_ops_aeabi.S.obj
 .debug_info    0x0000cf2b      0x3d6 CMakeFiles/testing.dir/Users/toddnielsen/.pico-sdk/sdk/2.0.0/src/rp2_common/pico_bootrom/bootrom.c.obj
 .debug_info    0x0000d301       0x23 CMakeFiles/testing.dir/Users/toddnielsen/.pico-sdk/sdk/2.0.0/src/rp2_common/pico_divider/divider_hardware.S.obj
 .debug_info    0x0000d324       0x23 CMakeFiles/testing.dir/Users/toddnielsen/.pico-sdk/sdk/2.0.0/src/rp2_common/pico_double/double_aeabi_rp2040.S.obj
 .debug_info    0x0000d347      0x376 CMakeFiles/testing.dir/Users/toddnielsen/.pico-sdk/sdk/2.0.0/src/rp2_common/pico_double/double_init_rom_rp2040.c.obj
 .debug_info    0x0000d6bd       0x24 CMakeFiles/testing.dir/Users/toddnielsen/.pico-sdk/sdk/2.0.0/src/rp2_common/pico_double/double_v1_rom_shim_rp2040.S.obj
 .debug_info    0x0000d6e1       0x23 CMakeFiles/testing.dir/Users/toddnielsen/.pico-sdk/sdk/2.0.0/src/rp2_common/pico_float/float_aeabi_rp2040.S.obj
 .debug_info    0x0000d704      0x338 CMakeFiles/testing.dir/Users/toddnielsen/.pico-sdk/sdk/2.0.0/src/rp2_common/pico_float/float_init_rom_rp2040.c.obj
 .debug_info    0x0000da3c       0x23 CMakeFiles/testing.dir/Users/toddnielsen/.pico-sdk/sdk/2.0.0/src/rp2_common/pico_mem_ops/mem_ops_aeabi.S.obj
 .debug_info    0x0000da5f      0x2b8 CMakeFiles/testing.dir/Users/toddnielsen/.pico-sdk/sdk/2.0.0/src/rp2_common/pico_standard_binary_info/standard_binary_info.c.obj
 .debug_info    0x0000dd17     0x19dc CMakeFiles/testing.dir/Users/toddnielsen/.pico-sdk/sdk/2.0.0/src/rp2_common/pico_printf/printf.c.obj
 .debug_info    0x0000f6f3       0x23 CMakeFiles/testing.dir/Users/toddnielsen/.pico-sdk/sdk/2.0.0/src/rp2_common/pico_crt0/crt0.S.obj
 .debug_info    0x0000f716      0xbb8 CMakeFiles/testing.dir/Users/toddnielsen/.pico-sdk/sdk/2.0.0/src/rp2_common/pico_clib_interface/newlib_interface.c.obj
 .debug_info    0x000102ce     0x13c5 CMakeFiles/testing.dir/Users/toddnielsen/.pico-sdk/sdk/2.0.0/src/rp2_common/pico_stdio/stdio.c.obj

.debug_abbrev   0x00000000     0x3f45
 .debug_abbrev  0x00000000       0xbc CMakeFiles/testing.dir/test.c.obj
 .debug_abbrev  0x000000bc      0x12d CMakeFiles/testing.dir/Users/toddnielsen/.pico-sdk/sdk/2.0.0/src/rp2_common/pico_platform_panic/panic.c.obj
 .debug_abbrev  0x000001e9      0x2b4 CMakeFiles/testing.dir/Users/toddnielsen/.pico-sdk/sdk/2.0.0/src/common/hardware_claim/claim.c.obj
 .debug_abbrev  0x0000049d      0x1f4 CMakeFiles/testing.dir/Users/toddnielsen/.pico-sdk/sdk/2.0.0/src/rp2_common/hardware_sync/sync.c.obj
 .debug_abbrev  0x00000691      0x1f0 CMakeFiles/testing.dir/Users/toddnielsen/.pico-sdk/sdk/2.0.0/src/rp2_common/hardware_sync_spin_lock/sync_spin_lock.c.obj
 .debug_abbrev  0x00000881      0x5d8 CMakeFiles/testing.dir/Users/toddnielsen/.pico-sdk/sdk/2.0.0/src/rp2_common/hardware_irq/irq.c.obj
 .debug_abbrev  0x00000e59      0x116 CMakeFiles/testing.dir/Users/toddnielsen/.pico-sdk/sdk/2.0.0/src/common/pico_sync/lock_core.c.obj
 .debug_abbrev  0x00000f6f      0x424 CMakeFiles/testing.dir/Users/toddnielsen/.pico-sdk/sdk/2.0.0/src/common/pico_sync/mutex.c.obj
 .debug_abbrev  0x00001393      0x630 CMakeFiles/testing.dir/Users/toddnielsen/.pico-sdk/sdk/2.0.0/src/common/pico_time/time.c.obj
 .debug_abbrev  0x000019c3      0x473 CMakeFiles/testing.dir/Users/toddnielsen/.pico-sdk/sdk/2.0.0/src/rp2_common/hardware_timer/timer.c.obj
 .debug_abbrev  0x00001e36      0x431 CMakeFiles/testing.dir/Users/toddnielsen/.pico-sdk/sdk/2.0.0/src/rp2_common/hardware_clocks/clocks.c.obj
 .debug_abbrev  0x00002267      0x20e CMakeFiles/testing.dir/Users/toddnielsen/.pico-sdk/sdk/2.0.0/src/rp2_common/hardware_pll/pll.c.obj
 .debug_abbrev  0x00002475      0x152 CMakeFiles/testing.dir/Users/toddnielsen/.pico-sdk/sdk/2.0.0/src/rp2_common/hardware_ticks/ticks.c.obj
 .debug_abbrev  0x000025c7      0x11d CMakeFiles/testing.dir/Users/toddnielsen/.pico-sdk/sdk/2.0.0/src/rp2_common/hardware_xosc/xosc.c.obj
 .debug_abbrev  0x000026e4      0x149 CMakeFiles/testing.dir/Users/toddnielsen/.pico-sdk/sdk/2.0.0/src/rp2_common/pico_runtime/runtime.c.obj
 .debug_abbrev  0x0000282d      0x20f CMakeFiles/testing.dir/Users/toddnielsen/.pico-sdk/sdk/2.0.0/src/rp2_common/pico_runtime_init/runtime_init.c.obj
 .debug_abbrev  0x00002a3c      0x2b3 CMakeFiles/testing.dir/Users/toddnielsen/.pico-sdk/sdk/2.0.0/src/rp2_common/pico_runtime_init/runtime_init_clocks.c.obj
 .debug_abbrev  0x00002cef       0x12 CMakeFiles/testing.dir/Users/toddnielsen/.pico-sdk/sdk/2.0.0/src/rp2_common/pico_bit_ops/bit_ops_aeabi.S.obj
 .debug_abbrev  0x00002d01      0x1a0 CMakeFiles/testing.dir/Users/toddnielsen/.pico-sdk/sdk/2.0.0/src/rp2_common/pico_bootrom/bootrom.c.obj
 .debug_abbrev  0x00002ea1       0x12 CMakeFiles/testing.dir/Users/toddnielsen/.pico-sdk/sdk/2.0.0/src/rp2_common/pico_divider/divider_hardware.S.obj
 .debug_abbrev  0x00002eb3       0x12 CMakeFiles/testing.dir/Users/toddnielsen/.pico-sdk/sdk/2.0.0/src/rp2_common/pico_double/double_aeabi_rp2040.S.obj
 .debug_abbrev  0x00002ec5      0x1c7 CMakeFiles/testing.dir/Users/toddnielsen/.pico-sdk/sdk/2.0.0/src/rp2_common/pico_double/double_init_rom_rp2040.c.obj
 .debug_abbrev  0x0000308c       0x14 CMakeFiles/testing.dir/Users/toddnielsen/.pico-sdk/sdk/2.0.0/src/rp2_common/pico_double/double_v1_rom_shim_rp2040.S.obj
 .debug_abbrev  0x000030a0       0x12 CMakeFiles/testing.dir/Users/toddnielsen/.pico-sdk/sdk/2.0.0/src/rp2_common/pico_float/float_aeabi_rp2040.S.obj
 .debug_abbrev  0x000030b2      0x1ab CMakeFiles/testing.dir/Users/toddnielsen/.pico-sdk/sdk/2.0.0/src/rp2_common/pico_float/float_init_rom_rp2040.c.obj
 .debug_abbrev  0x0000325d       0x12 CMakeFiles/testing.dir/Users/toddnielsen/.pico-sdk/sdk/2.0.0/src/rp2_common/pico_mem_ops/mem_ops_aeabi.S.obj
 .debug_abbrev  0x0000326f       0xb8 CMakeFiles/testing.dir/Users/toddnielsen/.pico-sdk/sdk/2.0.0/src/rp2_common/pico_standard_binary_info/standard_binary_info.c.obj
 .debug_abbrev  0x00003327      0x38e CMakeFiles/testing.dir/Users/toddnielsen/.pico-sdk/sdk/2.0.0/src/rp2_common/pico_printf/printf.c.obj
 .debug_abbrev  0x000036b5       0x12 CMakeFiles/testing.dir/Users/toddnielsen/.pico-sdk/sdk/2.0.0/src/rp2_common/pico_crt0/crt0.S.obj
 .debug_abbrev  0x000036c7      0x35f CMakeFiles/testing.dir/Users/toddnielsen/.pico-sdk/sdk/2.0.0/src/rp2_common/pico_clib_interface/newlib_interface.c.obj
 .debug_abbrev  0x00003a26      0x51f CMakeFiles/testing.dir/Users/toddnielsen/.pico-sdk/sdk/2.0.0/src/rp2_common/pico_stdio/stdio.c.obj

.debug_aranges  0x00000000      0xcb8
 .debug_aranges
                0x00000000       0x38 CMakeFiles/testing.dir/test.c.obj
 .debug_aranges
                0x00000038       0x28 CMakeFiles/testing.dir/Users/toddnielsen/.pico-sdk/sdk/2.0.0/src/rp2_common/pico_platform_panic/panic.c.obj
 .debug_aranges
                0x00000060       0x48 CMakeFiles/testing.dir/Users/toddnielsen/.pico-sdk/sdk/2.0.0/src/common/hardware_claim/claim.c.obj
 .debug_aranges
                0x000000a8       0x48 CMakeFiles/testing.dir/Users/toddnielsen/.pico-sdk/sdk/2.0.0/src/rp2_common/hardware_sync/sync.c.obj
 .debug_aranges
                0x000000f0       0x28 CMakeFiles/testing.dir/Users/toddnielsen/.pico-sdk/sdk/2.0.0/src/rp2_common/hardware_sync_spin_lock/sync_spin_lock.c.obj
 .debug_aranges
                0x00000118       0xe0 CMakeFiles/testing.dir/Users/toddnielsen/.pico-sdk/sdk/2.0.0/src/rp2_common/hardware_irq/irq.c.obj
 .debug_aranges
                0x000001f8       0x20 CMakeFiles/testing.dir/Users/toddnielsen/.pico-sdk/sdk/2.0.0/src/common/pico_sync/lock_core.c.obj
 .debug_aranges
                0x00000218       0x98 CMakeFiles/testing.dir/Users/toddnielsen/.pico-sdk/sdk/2.0.0/src/common/pico_sync/mutex.c.obj
 .debug_aranges
                0x000002b0      0x110 CMakeFiles/testing.dir/Users/toddnielsen/.pico-sdk/sdk/2.0.0/src/common/pico_time/time.c.obj
 .debug_aranges
                0x000003c0       0xf0 CMakeFiles/testing.dir/Users/toddnielsen/.pico-sdk/sdk/2.0.0/src/rp2_common/hardware_timer/timer.c.obj
 .debug_aranges
                0x000004b0       0xa0 CMakeFiles/testing.dir/Users/toddnielsen/.pico-sdk/sdk/2.0.0/src/rp2_common/hardware_clocks/clocks.c.obj
 .debug_aranges
                0x00000550       0x28 CMakeFiles/testing.dir/Users/toddnielsen/.pico-sdk/sdk/2.0.0/src/rp2_common/hardware_pll/pll.c.obj
 .debug_aranges
                0x00000578       0x30 CMakeFiles/testing.dir/Users/toddnielsen/.pico-sdk/sdk/2.0.0/src/rp2_common/hardware_ticks/ticks.c.obj
 .debug_aranges
                0x000005a8       0x30 CMakeFiles/testing.dir/Users/toddnielsen/.pico-sdk/sdk/2.0.0/src/rp2_common/hardware_xosc/xosc.c.obj
 .debug_aranges
                0x000005d8       0x40 CMakeFiles/testing.dir/Users/toddnielsen/.pico-sdk/sdk/2.0.0/src/rp2_common/pico_runtime/runtime.c.obj
 .debug_aranges
                0x00000618       0x48 CMakeFiles/testing.dir/Users/toddnielsen/.pico-sdk/sdk/2.0.0/src/rp2_common/pico_runtime_init/runtime_init.c.obj
 .debug_aranges
                0x00000660       0x28 CMakeFiles/testing.dir/Users/toddnielsen/.pico-sdk/sdk/2.0.0/src/rp2_common/pico_runtime_init/runtime_init_clocks.c.obj
 .debug_aranges
                0x00000688       0x60 CMakeFiles/testing.dir/Users/toddnielsen/.pico-sdk/sdk/2.0.0/src/rp2_common/pico_bit_ops/bit_ops_aeabi.S.obj
 .debug_aranges
                0x000006e8       0x38 CMakeFiles/testing.dir/Users/toddnielsen/.pico-sdk/sdk/2.0.0/src/rp2_common/pico_bootrom/bootrom.c.obj
 .debug_aranges
                0x00000720       0x40 CMakeFiles/testing.dir/Users/toddnielsen/.pico-sdk/sdk/2.0.0/src/rp2_common/pico_divider/divider_hardware.S.obj
 .debug_aranges
                0x00000760      0x140 CMakeFiles/testing.dir/Users/toddnielsen/.pico-sdk/sdk/2.0.0/src/rp2_common/pico_double/double_aeabi_rp2040.S.obj
 .debug_aranges
                0x000008a0       0x28 CMakeFiles/testing.dir/Users/toddnielsen/.pico-sdk/sdk/2.0.0/src/rp2_common/pico_double/double_init_rom_rp2040.c.obj
 .debug_aranges
                0x000008c8       0x20 CMakeFiles/testing.dir/Users/toddnielsen/.pico-sdk/sdk/2.0.0/src/rp2_common/pico_double/double_v1_rom_shim_rp2040.S.obj
 .debug_aranges
                0x000008e8      0x130 CMakeFiles/testing.dir/Users/toddnielsen/.pico-sdk/sdk/2.0.0/src/rp2_common/pico_float/float_aeabi_rp2040.S.obj
 .debug_aranges
                0x00000a18       0x28 CMakeFiles/testing.dir/Users/toddnielsen/.pico-sdk/sdk/2.0.0/src/rp2_common/pico_float/float_init_rom_rp2040.c.obj
 .debug_aranges
                0x00000a40       0x38 CMakeFiles/testing.dir/Users/toddnielsen/.pico-sdk/sdk/2.0.0/src/rp2_common/pico_mem_ops/mem_ops_aeabi.S.obj
 .debug_aranges
                0x00000a78       0x18 CMakeFiles/testing.dir/Users/toddnielsen/.pico-sdk/sdk/2.0.0/src/rp2_common/pico_standard_binary_info/standard_binary_info.c.obj
 .debug_aranges
                0x00000a90       0x90 CMakeFiles/testing.dir/Users/toddnielsen/.pico-sdk/sdk/2.0.0/src/rp2_common/pico_printf/printf.c.obj
 .debug_aranges
                0x00000b20       0x28 CMakeFiles/testing.dir/Users/toddnielsen/.pico-sdk/sdk/2.0.0/src/rp2_common/pico_crt0/crt0.S.obj
 .debug_aranges
                0x00000b48       0xa0 CMakeFiles/testing.dir/Users/toddnielsen/.pico-sdk/sdk/2.0.0/src/rp2_common/pico_clib_interface/newlib_interface.c.obj
 .debug_aranges
                0x00000be8       0xd0 CMakeFiles/testing.dir/Users/toddnielsen/.pico-sdk/sdk/2.0.0/src/rp2_common/pico_stdio/stdio.c.obj

.debug_rnglists
                0x00000000      0xc9a
 .debug_rnglists
                0x00000000       0x25 CMakeFiles/testing.dir/test.c.obj
 .debug_rnglists
                0x00000025       0x19 CMakeFiles/testing.dir/Users/toddnielsen/.pico-sdk/sdk/2.0.0/src/rp2_common/pico_platform_panic/panic.c.obj
 .debug_rnglists
                0x0000003e       0x31 CMakeFiles/testing.dir/Users/toddnielsen/.pico-sdk/sdk/2.0.0/src/common/hardware_claim/claim.c.obj
 .debug_rnglists
                0x0000006f       0x31 CMakeFiles/testing.dir/Users/toddnielsen/.pico-sdk/sdk/2.0.0/src/rp2_common/hardware_sync/sync.c.obj
 .debug_rnglists
                0x000000a0       0x19 CMakeFiles/testing.dir/Users/toddnielsen/.pico-sdk/sdk/2.0.0/src/rp2_common/hardware_sync_spin_lock/sync_spin_lock.c.obj
 .debug_rnglists
                0x000000b9      0x108 CMakeFiles/testing.dir/Users/toddnielsen/.pico-sdk/sdk/2.0.0/src/rp2_common/hardware_irq/irq.c.obj
 .debug_rnglists
                0x000001c1       0x13 CMakeFiles/testing.dir/Users/toddnielsen/.pico-sdk/sdk/2.0.0/src/common/pico_sync/lock_core.c.obj
 .debug_rnglists
                0x000001d4      0x135 CMakeFiles/testing.dir/Users/toddnielsen/.pico-sdk/sdk/2.0.0/src/common/pico_sync/mutex.c.obj
 .debug_rnglists
                0x00000309      0x1f2 CMakeFiles/testing.dir/Users/toddnielsen/.pico-sdk/sdk/2.0.0/src/common/pico_time/time.c.obj
 .debug_rnglists
                0x000004fb       0xb2 CMakeFiles/testing.dir/Users/toddnielsen/.pico-sdk/sdk/2.0.0/src/rp2_common/hardware_timer/timer.c.obj
 .debug_rnglists
                0x000005ad       0xe2 CMakeFiles/testing.dir/Users/toddnielsen/.pico-sdk/sdk/2.0.0/src/rp2_common/hardware_clocks/clocks.c.obj
 .debug_rnglists
                0x0000068f       0x1a CMakeFiles/testing.dir/Users/toddnielsen/.pico-sdk/sdk/2.0.0/src/rp2_common/hardware_pll/pll.c.obj
 .debug_rnglists
                0x000006a9       0x1f CMakeFiles/testing.dir/Users/toddnielsen/.pico-sdk/sdk/2.0.0/src/rp2_common/hardware_ticks/ticks.c.obj
 .debug_rnglists
                0x000006c8       0x1f CMakeFiles/testing.dir/Users/toddnielsen/.pico-sdk/sdk/2.0.0/src/rp2_common/hardware_xosc/xosc.c.obj
 .debug_rnglists
                0x000006e7       0x2b CMakeFiles/testing.dir/Users/toddnielsen/.pico-sdk/sdk/2.0.0/src/rp2_common/pico_runtime/runtime.c.obj
 .debug_rnglists
                0x00000712       0x31 CMakeFiles/testing.dir/Users/toddnielsen/.pico-sdk/sdk/2.0.0/src/rp2_common/pico_runtime_init/runtime_init.c.obj
 .debug_rnglists
                0x00000743       0x26 CMakeFiles/testing.dir/Users/toddnielsen/.pico-sdk/sdk/2.0.0/src/rp2_common/pico_runtime_init/runtime_init_clocks.c.obj
 .debug_rnglists
                0x00000769       0x43 CMakeFiles/testing.dir/Users/toddnielsen/.pico-sdk/sdk/2.0.0/src/rp2_common/pico_bit_ops/bit_ops_aeabi.S.obj
 .debug_rnglists
                0x000007ac       0x31 CMakeFiles/testing.dir/Users/toddnielsen/.pico-sdk/sdk/2.0.0/src/rp2_common/pico_bootrom/bootrom.c.obj
 .debug_rnglists
                0x000007dd       0x2c CMakeFiles/testing.dir/Users/toddnielsen/.pico-sdk/sdk/2.0.0/src/rp2_common/pico_divider/divider_hardware.S.obj
 .debug_rnglists
                0x00000809       0xec CMakeFiles/testing.dir/Users/toddnielsen/.pico-sdk/sdk/2.0.0/src/rp2_common/pico_double/double_aeabi_rp2040.S.obj
 .debug_rnglists
                0x000008f5       0x27 CMakeFiles/testing.dir/Users/toddnielsen/.pico-sdk/sdk/2.0.0/src/rp2_common/pico_double/double_init_rom_rp2040.c.obj
 .debug_rnglists
                0x0000091c       0xdf CMakeFiles/testing.dir/Users/toddnielsen/.pico-sdk/sdk/2.0.0/src/rp2_common/pico_float/float_aeabi_rp2040.S.obj
 .debug_rnglists
                0x000009fb       0x1a CMakeFiles/testing.dir/Users/toddnielsen/.pico-sdk/sdk/2.0.0/src/rp2_common/pico_float/float_init_rom_rp2040.c.obj
 .debug_rnglists
                0x00000a15       0x25 CMakeFiles/testing.dir/Users/toddnielsen/.pico-sdk/sdk/2.0.0/src/rp2_common/pico_mem_ops/mem_ops_aeabi.S.obj
 .debug_rnglists
                0x00000a3a       0xe5 CMakeFiles/testing.dir/Users/toddnielsen/.pico-sdk/sdk/2.0.0/src/rp2_common/pico_printf/printf.c.obj
 .debug_rnglists
                0x00000b1f       0x1b CMakeFiles/testing.dir/Users/toddnielsen/.pico-sdk/sdk/2.0.0/src/rp2_common/pico_crt0/crt0.S.obj
 .debug_rnglists
                0x00000b3a       0x73 CMakeFiles/testing.dir/Users/toddnielsen/.pico-sdk/sdk/2.0.0/src/rp2_common/pico_clib_interface/newlib_interface.c.obj
 .debug_rnglists
                0x00000bad       0xed CMakeFiles/testing.dir/Users/toddnielsen/.pico-sdk/sdk/2.0.0/src/rp2_common/pico_stdio/stdio.c.obj

.debug_line     0x00000000     0xcedd
 .debug_line    0x00000000       0xa0 CMakeFiles/testing.dir/test.c.obj
 .debug_line    0x000000a0      0x231 CMakeFiles/testing.dir/Users/toddnielsen/.pico-sdk/sdk/2.0.0/src/rp2_common/pico_platform_panic/panic.c.obj
 .debug_line    0x000002d1      0x67a CMakeFiles/testing.dir/Users/toddnielsen/.pico-sdk/sdk/2.0.0/src/common/hardware_claim/claim.c.obj
 .debug_line    0x0000094b      0x458 CMakeFiles/testing.dir/Users/toddnielsen/.pico-sdk/sdk/2.0.0/src/rp2_common/hardware_sync/sync.c.obj
 .debug_line    0x00000da3      0x409 CMakeFiles/testing.dir/Users/toddnielsen/.pico-sdk/sdk/2.0.0/src/rp2_common/hardware_sync_spin_lock/sync_spin_lock.c.obj
 .debug_line    0x000011ac     0x1286 CMakeFiles/testing.dir/Users/toddnielsen/.pico-sdk/sdk/2.0.0/src/rp2_common/hardware_irq/irq.c.obj
 .debug_line    0x00002432      0x2e7 CMakeFiles/testing.dir/Users/toddnielsen/.pico-sdk/sdk/2.0.0/src/common/pico_sync/lock_core.c.obj
 .debug_line    0x00002719     0x12dc CMakeFiles/testing.dir/Users/toddnielsen/.pico-sdk/sdk/2.0.0/src/common/pico_sync/mutex.c.obj
 .debug_line    0x000039f5     0x1dd5 CMakeFiles/testing.dir/Users/toddnielsen/.pico-sdk/sdk/2.0.0/src/common/pico_time/time.c.obj
 .debug_line    0x000057ca      0xed5 CMakeFiles/testing.dir/Users/toddnielsen/.pico-sdk/sdk/2.0.0/src/rp2_common/hardware_timer/timer.c.obj
 .debug_line    0x0000669f      0xc13 CMakeFiles/testing.dir/Users/toddnielsen/.pico-sdk/sdk/2.0.0/src/rp2_common/hardware_clocks/clocks.c.obj
 .debug_line    0x000072b2      0x55b CMakeFiles/testing.dir/Users/toddnielsen/.pico-sdk/sdk/2.0.0/src/rp2_common/hardware_pll/pll.c.obj
 .debug_line    0x0000780d      0x330 CMakeFiles/testing.dir/Users/toddnielsen/.pico-sdk/sdk/2.0.0/src/rp2_common/hardware_ticks/ticks.c.obj
 .debug_line    0x00007b3d      0x363 CMakeFiles/testing.dir/Users/toddnielsen/.pico-sdk/sdk/2.0.0/src/rp2_common/hardware_xosc/xosc.c.obj
 .debug_line    0x00007ea0      0x292 CMakeFiles/testing.dir/Users/toddnielsen/.pico-sdk/sdk/2.0.0/src/rp2_common/pico_runtime/runtime.c.obj
 .debug_line    0x00008132      0x530 CMakeFiles/testing.dir/Users/toddnielsen/.pico-sdk/sdk/2.0.0/src/rp2_common/pico_runtime_init/runtime_init.c.obj
 .debug_line    0x00008662      0x57f CMakeFiles/testing.dir/Users/toddnielsen/.pico-sdk/sdk/2.0.0/src/rp2_common/pico_runtime_init/runtime_init_clocks.c.obj
 .debug_line    0x00008be1      0x107 CMakeFiles/testing.dir/Users/toddnielsen/.pico-sdk/sdk/2.0.0/src/rp2_common/pico_bit_ops/bit_ops_aeabi.S.obj
 .debug_line    0x00008ce8      0x2b5 CMakeFiles/testing.dir/Users/toddnielsen/.pico-sdk/sdk/2.0.0/src/rp2_common/pico_bootrom/bootrom.c.obj
 .debug_line    0x00008f9d      0x2a9 CMakeFiles/testing.dir/Users/toddnielsen/.pico-sdk/sdk/2.0.0/src/rp2_common/pico_divider/divider_hardware.S.obj
 .debug_line    0x00009246      0x3f3 CMakeFiles/testing.dir/Users/toddnielsen/.pico-sdk/sdk/2.0.0/src/rp2_common/pico_double/double_aeabi_rp2040.S.obj
 .debug_line    0x00009639      0x476 CMakeFiles/testing.dir/Users/toddnielsen/.pico-sdk/sdk/2.0.0/src/rp2_common/pico_double/double_init_rom_rp2040.c.obj
 .debug_line    0x00009aaf       0x60 CMakeFiles/testing.dir/Users/toddnielsen/.pico-sdk/sdk/2.0.0/src/rp2_common/pico_double/double_v1_rom_shim_rp2040.S.obj
 .debug_line    0x00009b0f      0x3a8 CMakeFiles/testing.dir/Users/toddnielsen/.pico-sdk/sdk/2.0.0/src/rp2_common/pico_float/float_aeabi_rp2040.S.obj
 .debug_line    0x00009eb7      0x444 CMakeFiles/testing.dir/Users/toddnielsen/.pico-sdk/sdk/2.0.0/src/rp2_common/pico_float/float_init_rom_rp2040.c.obj
 .debug_line    0x0000a2fb       0x94 CMakeFiles/testing.dir/Users/toddnielsen/.pico-sdk/sdk/2.0.0/src/rp2_common/pico_mem_ops/mem_ops_aeabi.S.obj
 .debug_line    0x0000a38f      0x209 CMakeFiles/testing.dir/Users/toddnielsen/.pico-sdk/sdk/2.0.0/src/rp2_common/pico_standard_binary_info/standard_binary_info.c.obj
 .debug_line    0x0000a598     0x133b CMakeFiles/testing.dir/Users/toddnielsen/.pico-sdk/sdk/2.0.0/src/rp2_common/pico_printf/printf.c.obj
 .debug_line    0x0000b8d3       0xa4 CMakeFiles/testing.dir/Users/toddnielsen/.pico-sdk/sdk/2.0.0/src/rp2_common/pico_crt0/crt0.S.obj
 .debug_line    0x0000b977      0x826 CMakeFiles/testing.dir/Users/toddnielsen/.pico-sdk/sdk/2.0.0/src/rp2_common/pico_clib_interface/newlib_interface.c.obj
 .debug_line    0x0000c19d      0xd40 CMakeFiles/testing.dir/Users/toddnielsen/.pico-sdk/sdk/2.0.0/src/rp2_common/pico_stdio/stdio.c.obj

.debug_str      0x00000000     0x388c
 .debug_str     0x00000000     0x388c CMakeFiles/testing.dir/test.c.obj
                                0x1b6 (size before relaxing)